<html>
<body>
<pre>
<h1>礦ision Build Log</h1>
<h2>Tool Versions:</h2>
IDE-Version: μVision V5.14.0.0
Copyright (C) 2015 ARM Ltd and ARM Germany GmbH. All rights reserved.
License Information: YUAN harry, NJUST, LIC=----
 
Tool Versions:
Toolchain:       MDK-Lite  Version: 5.14.0.0
Toolchain Path:  D:\Keil_v5\ARM\ARMCC\Bin
C Compiler:      Armcc.exe V5.05 update 1 (build 106)
Assembler:       Armasm.exe V5.05 update 1 (build 106)
Linker/Locator:  ArmLink.exe V5.05 update 1 (build 106)
Library Manager: ArmAr.exe V5.05 update 1 (build 106)
Hex Converter:   FromElf.exe V5.05 update 1 (build 106)
CPU DLL:         SARMCM3.DLL V5.14.0.0
Dialog DLL:      DCM.DLL V1.13.1.0
Target DLL:      CMSIS_AGDI.dll V1.21.0.0
Dialog DLL:      TCM.DLL V1.14.4.0
 
<h2>Project:</h2>
E:\!!bishe\M3508_PID\3508-full-4.9\3508-full-4.8\MDK-ARM\can.uvprojx
Project File Date:  04/03/2024

<h2>Output:</h2>
Build target 'can'
compiling main.c...
../Src/main.c(84): warning:  #177-D: variable "delta" was declared but never referenced
    int16_t delta;                  // 设定速度与实际速度的差值
../Src/main.c(85): warning:  #177-D: variable "max_speed_change" was declared but never referenced
    int16_t max_speed_change = 500; // 电机单次最大变化速度，加减速用
../Src/main.c: 2 warnings, 0 errors
linking...
Program Size: Code=27824 RO-data=1096 RW-data=444 ZI-data=23612  
"can\can.axf" - 0 Error(s), 2 Warning(s).

<h2>Software Packages used:</h2>

Package Vendor: ARM
                http://www.keil.com/pack/ARM.CMSIS.5.9.0.pack
                ARM::CMSIS:CORE:5.6.0
                CMSIS (Common Microcontroller Software Interface Standard)
   * Component: CORE Version: 5.6.0

<h2>Collection of Component include folders:</h2>
  E:\!!bishe\M3508_PID\3508-full-4.9\3508-full-4.8\MDK-ARM\RTE
  D:\Users\harry\AppData\Local\Arm\Packs\ARM\CMSIS\5.9.0\CMSIS\Core\Include
  D:\Users\harry\AppData\Local\Arm\Packs\Keil\STM32F4xx_DFP\2.9.0

<h2>Collection of Component Files used:</h2>

   * Component: ARM::CMSIS:CORE:5.6.0
      Include file:  CMSIS\Core\Include\tz_context.h
      Source file:   CMSIS\Core\Template\ARMv8-M\main_s.c
      Source file:   CMSIS\Core\Template\ARMv8-M\tz_context.c
</pre>
</body>
</html>
