Component: ARM Compiler 5.05 update 1 (build 106) Tool: armlink [4d0efa]

==============================================================================

Section Cross References

    startup_stm32f407xx.o(STACK) refers (Special) to heapauxi.o(.text) for __use_two_region_memory
    startup_stm32f407xx.o(HEAP) refers (Special) to heapauxi.o(.text) for __use_two_region_memory
    startup_stm32f407xx.o(RESET) refers (Special) to heapauxi.o(.text) for __use_two_region_memory
    startup_stm32f407xx.o(RESET) refers to startup_stm32f407xx.o(STACK) for __initial_sp
    startup_stm32f407xx.o(RESET) refers to startup_stm32f407xx.o(.text) for Reset_Handler
    startup_stm32f407xx.o(RESET) refers to stm32f4xx_it.o(i.NMI_Handler) for NMI_Handler
    startup_stm32f407xx.o(RESET) refers to stm32f4xx_it.o(i.HardFault_Handler) for HardFault_Handler
    startup_stm32f407xx.o(RESET) refers to stm32f4xx_it.o(i.MemManage_Handler) for MemManage_Handler
    startup_stm32f407xx.o(RESET) refers to stm32f4xx_it.o(i.BusFault_Handler) for BusFault_Handler
    startup_stm32f407xx.o(RESET) refers to stm32f4xx_it.o(i.UsageFault_Handler) for UsageFault_Handler
    startup_stm32f407xx.o(RESET) refers to stm32f4xx_it.o(i.SVC_Handler) for SVC_Handler
    startup_stm32f407xx.o(RESET) refers to stm32f4xx_it.o(i.DebugMon_Handler) for DebugMon_Handler
    startup_stm32f407xx.o(RESET) refers to stm32f4xx_it.o(i.PendSV_Handler) for PendSV_Handler
    startup_stm32f407xx.o(RESET) refers to stm32f4xx_it.o(i.SysTick_Handler) for SysTick_Handler
    startup_stm32f407xx.o(RESET) refers to stm32f4xx_it.o(i.CAN1_RX0_IRQHandler) for CAN1_RX0_IRQHandler
    startup_stm32f407xx.o(RESET) refers to stm32f4xx_it.o(i.TIM4_IRQHandler) for TIM4_IRQHandler
    startup_stm32f407xx.o(RESET) refers to stm32f4xx_it.o(i.CAN2_RX0_IRQHandler) for CAN2_RX0_IRQHandler
    startup_stm32f407xx.o(RESET) refers to stm32f4xx_it.o(i.OTG_FS_IRQHandler) for OTG_FS_IRQHandler
    startup_stm32f407xx.o(.text) refers (Special) to heapauxi.o(.text) for __use_two_region_memory
    startup_stm32f407xx.o(.text) refers to system_stm32f4xx.o(i.SystemInit) for SystemInit
    startup_stm32f407xx.o(.text) refers to __main.o(!!!main) for __main
    startup_stm32f407xx.o(.text) refers to startup_stm32f407xx.o(HEAP) for Heap_Mem
    startup_stm32f407xx.o(.text) refers to startup_stm32f407xx.o(STACK) for Stack_Mem
    main.o(i.HAL_TIM_PeriodElapsedCallback) refers to tim.o(i.getTimEncoder) for getTimEncoder
    main.o(i.HAL_TIM_PeriodElapsedCallback) refers to main.o(i.getAngle) for getAngle
    main.o(i.HAL_TIM_PeriodElapsedCallback) refers to main.o(i.getRadian) for getRadian
    main.o(i.HAL_TIM_PeriodElapsedCallback) refers to tim.o(.bss) for htim4
    main.o(i.HAL_TIM_PeriodElapsedCallback) refers to can_receive.o(.bss) for motor_chassis
    main.o(i.HAL_TIM_PeriodElapsedCallback) refers to main.o(.data) for k_vel
    main.o(i.HAL_TIM_PeriodElapsedCallback) refers to usbd_cdc_if.o(.data) for vel_flag
    main.o(i.SystemClock_Config) refers to rt_memclr_w.o(.text) for __aeabi_memclr4
    main.o(i.SystemClock_Config) refers to stm32f4xx_hal_rcc.o(i.HAL_RCC_OscConfig) for HAL_RCC_OscConfig
    main.o(i.SystemClock_Config) refers to main.o(i.Error_Handler) for Error_Handler
    main.o(i.SystemClock_Config) refers to stm32f4xx_hal_rcc.o(i.HAL_RCC_ClockConfig) for HAL_RCC_ClockConfig
    main.o(i.getAngle) refers to tim.o(.bss) for htim1
    main.o(i.getRadian) refers to main.o(i.getAngle) for getAngle
    main.o(i.getRadian) refers to f2d.o(x$fpl$f2d) for __aeabi_f2d
    main.o(i.getRadian) refers to dmul.o(x$fpl$dmul) for __aeabi_dmul
    main.o(i.getRadian) refers to ddiv.o(x$fpl$ddiv) for __aeabi_ddiv
    main.o(i.getRadian) refers to d2f.o(x$fpl$d2f) for __aeabi_d2f
    main.o(i.main) refers to stm32f4xx_hal.o(i.HAL_Init) for HAL_Init
    main.o(i.main) refers to main.o(i.SystemClock_Config) for SystemClock_Config
    main.o(i.main) refers to gpio.o(i.MX_GPIO_Init) for MX_GPIO_Init
    main.o(i.main) refers to can.o(i.MX_CAN1_Init) for MX_CAN1_Init
    main.o(i.main) refers to can.o(i.MX_CAN2_Init) for MX_CAN2_Init
    main.o(i.main) refers to tim.o(i.MX_TIM1_Init) for MX_TIM1_Init
    main.o(i.main) refers to crc.o(i.MX_CRC_Init) for MX_CRC_Init
    main.o(i.main) refers to usb_device.o(i.MX_USB_DEVICE_Init) for MX_USB_DEVICE_Init
    main.o(i.main) refers to tim.o(i.MX_TIM4_Init) for MX_TIM4_Init
    main.o(i.main) refers to bsp_can.o(i.can_filter_init) for can_filter_init
    main.o(i.main) refers to motor_pid.o(i.PID_struct_init) for PID_struct_init
    main.o(i.main) refers to stm32f4xx_hal_tim.o(i.HAL_TIM_Encoder_Start) for HAL_TIM_Encoder_Start
    main.o(i.main) refers to debug.o(i.Debug_RegisterVar) for Debug_RegisterVar
    main.o(i.main) refers to stm32f4xx_hal_tim.o(i.HAL_TIM_Base_Start_IT) for HAL_TIM_Base_Start_IT
    main.o(i.main) refers to f2d.o(x$fpl$f2d) for __aeabi_f2d
    main.o(i.main) refers to usbd_cdc_if.o(i.usb_printf) for usb_printf
[...]
    __user_initial_stackheap                 0x08000339   Thumb Code     0  startup_stm32f407xx.o(.text)
    malloc                                   0x0800035d   Thumb Code    94  h1_alloc.o(.text)
    free                                     0x080003bb   Thumb Code    78  h1_free.o(.text)
    __aeabi_uldivmod                         0x08000409   Thumb Code     0  lludivv7m.o(.text)
    _ll_udiv                                 0x08000409   Thumb Code   238  lludivv7m.o(.text)
    vsprintf                                 0x080004f9   Thumb Code    32  vsprintf.o(.text)
    strlen                                   0x0800051d   Thumb Code    62  strlen.o(.text)
    __aeabi_memcpy                           0x0800055b   Thumb Code     0  rt_memcpy_v6.o(.text)
    __rt_memcpy                              0x0800055b   Thumb Code   138  rt_memcpy_v6.o(.text)
    _memcpy_lastbytes                        0x080005c1   Thumb Code     0  rt_memcpy_v6.o(.text)
    __aeabi_memcpy4                          0x080005e5   Thumb Code     0  rt_memcpy_w.o(.text)
    __aeabi_memcpy8                          0x080005e5   Thumb Code     0  rt_memcpy_w.o(.text)
    __rt_memcpy_w                            0x080005e5   Thumb Code   100  rt_memcpy_w.o(.text)
    _memcpy_lastbytes_aligned                0x0800062d   Thumb Code     0  rt_memcpy_w.o(.text)
    __aeabi_memclr4                          0x08000649   Thumb Code     0  rt_memclr_w.o(.text)
    __aeabi_memclr8                          0x08000649   Thumb Code     0  rt_memclr_w.o(.text)
    __rt_memclr_w                            0x08000649   Thumb Code    78  rt_memclr_w.o(.text)
    _memset_w                                0x0800064d   Thumb Code     0  rt_memclr_w.o(.text)
    __use_two_region_memory                  0x08000697   Thumb Code     2  heapauxi.o(.text)
    __rt_heap_escrow                         0x08000699   Thumb Code     2  heapauxi.o(.text)
    __rt_heap_expand                         0x0800069b   Thumb Code     2  heapauxi.o(.text)
    __rt_heap_descriptor                     0x0800069d   Thumb Code     8  rt_heap_descriptor_intlibspace.o(.text)
    __use_no_heap                            0x080006a5   Thumb Code     2  hguard.o(.text)
    __heap$guard                             0x080006a7   Thumb Code     2  hguard.o(.text)
    _terminate_user_alloc                    0x080006a9   Thumb Code     2  init_alloc.o(.text)
    _init_user_alloc                         0x080006ab   Thumb Code     2  init_alloc.o(.text)
    __Heap_Full                              0x080006ad   Thumb Code    34  init_alloc.o(.text)
    __Heap_Broken                            0x080006cf   Thumb Code     6  init_alloc.o(.text)
    _init_alloc                              0x080006d5   Thumb Code    94  init_alloc.o(.text)
    __Heap_Initialize                        0x08000733   Thumb Code    10  h1_init.o(.text)
    __Heap_DescSize                          0x0800073d   Thumb Code     4  h1_init.o(.text)
    _printf_pre_padding                      0x08000741   Thumb Code    44  _printf_pad.o(.text)
    _printf_post_padding                     0x0800076d   Thumb Code    34  _printf_pad.o(.text)
    _printf_truncate_signed                  0x0800078f   Thumb Code    18  _printf_truncate.o(.text)
    _printf_truncate_unsigned                0x080007a1   Thumb Code    18  _printf_truncate.o(.text)
    _printf_str                              0x080007b3   Thumb Code    82  _printf_str.o(.text)
    _printf_int_dec                          0x08000805   Thumb Code   104  _printf_dec.o(.text)
    _printf_charcount                        0x0800087d   Thumb Code    40  _printf_charcount.o(.text)
    _printf_char_common                      0x080008af   Thumb Code    32  _printf_char_common.o(.text)
    _sputc                                   0x080008d5   Thumb Code    10  _sputc.o(.text)
    _printf_wctomb                           0x080008e1   Thumb Code   182  _printf_wctomb.o(.text)
    _printf_longlong_dec                     0x0800099d   Thumb Code   108  _printf_longlong_dec.o(.text)
    _printf_longlong_oct                     0x08000a19   Thumb Code    68  _printf_oct_int_ll.o(.text)
    _printf_int_oct                          0x08000a5d   Thumb Code    24  _printf_oct_int_ll.o(.text)
    _printf_ll_oct                           0x08000a75   Thumb Code    12  _printf_oct_int_ll.o(.text)
    _printf_longlong_hex                     0x08000a89   Thumb Code    86  _printf_hex_int_ll_ptr.o(.text)
    _printf_int_hex                          0x08000adf   Thumb Code    28  _printf_hex_int_ll_ptr.o(.text)
    _printf_ll_hex                           0x08000afb   Thumb Code    12  _printf_hex_int_ll_ptr.o(.text)
    _printf_hex_ptr                          0x08000b07   Thumb Code    18  _printf_hex_int_ll_ptr.o(.text)
    __printf                                 0x08000b1d   Thumb Code   388  __printf_flags_ss_wp.o(.text)
    __user_libspace                          0x08000ca5   Thumb Code     8  libspace.o(.text)
    __user_perproc_libspace                  0x08000ca5   Thumb Code     0  libspace.o(.text)
    __user_perthread_libspace                0x08000ca5   Thumb Code     0  libspace.o(.text)
    __Heap_ProvideMemory                     0x08000cad   Thumb Code    52  h1_extend.o(.text)
    _ll_udiv10                               0x08000ce1   Thumb Code   138  lludiv10.o(.text)
    _printf_int_common                       0x08000d6b   Thumb Code   178  _printf_intcommon.o(.text)
    __lib_sel_fp_printf                      0x08000e1d   Thumb Code     2  _printf_fp_dec.o(.text)
    _printf_fp_dec_real                      0x08000fcb   Thumb Code   620  _printf_fp_dec.o(.text)
    _printf_fp_hex_real                      0x08001239   Thumb Code   754  _printf_fp_hex.o(.text)
    _printf_cs_common                        0x08001535   Thumb Code    20  _printf_char.o(.text)
    _printf_char                             0x08001549   Thumb Code    16  _printf_char.o(.text)
    _printf_string                           0x08001559   Thumb Code     8  _printf_char.o(.text)
    _printf_lcs_common                       0x08001561   Thumb Code    20  _printf_wchar.o(.text)
    _printf_wchar                            0x08001575   Thumb Code    16  _printf_wchar.o(.text)
    _printf_wstring                          0x08001585   Thumb Code     8  _printf_wchar.o(.text)
    _wcrtomb                                 0x0800158d   Thumb Code    64  _wcrtomb.o(.text)
    __rt_SIGRTMEM                            0x080015cd   Thumb Code    14  defsig_rtmem_outer.o(.text)
    __I$use$semihosting                      0x080015db   Thumb Code     0  use_no_semi.o(.text)
    __use_no_semihosting_swi                 0x080015db   Thumb Code     2  use_no_semi.o(.text)
    __semihosting_library_function           0x080015dd   Thumb Code     0  indicate_semi.o(.text)
    __user_setup_stackheap                   0x080015dd   Thumb Code    74  sys_stackheap_outer.o(.text)
    __rt_ctype_table                         0x08001629   Thumb Code    16  rt_ctype_table.o(.text)
    __rt_locale                              0x08001639   Thumb Code     8  rt_locale_intlibspace.o(.text)
    _printf_fp_infnan                        0x08001641   Thumb Code   112  _printf_fp_infnan.o(.text)
    _btod_etento                             0x080016c1   Thumb Code   216  bigflt0.o(.text)
    exit                                     0x0800179d   Thumb Code    12  exit.o(.text)
    __sig_exit                               0x080017a9   Thumb Code    10  defsig_exit.o(.text)
    __rt_SIGRTMEM_inner                      0x080017b5   Thumb Code    22  defsig_rtmem_inner.o(.text)
    _sys_exit                                0x08001805   Thumb Code     8  sys_exit.o(.text)
    __default_signal_display                 0x08001811   Thumb Code    50  defsig_general.o(.text)
    strcmp                                   0x08001845   Thumb Code   128  strcmpv7m.o(.text)
    _ttywrch                                 0x080018c5   Thumb Code    14  sys_wrch.o(.text)
    _btod_d2e                                0x080018d3   Thumb Code    62  btod.o(CL$$btod_d2e)
    _d2e_denorm_low                          0x08001911   Thumb Code    70  btod.o(CL$$btod_d2e_denorm_low)
    _d2e_norm_op1                            0x08001957   Thumb Code    96  btod.o(CL$$btod_d2e_norm_op1)
    __btod_div_common                        0x080019b7   Thumb Code   696  btod.o(CL$$btod_div_common)
    _e2e                                     0x08001cef   Thumb Code   198  btod.o(CL$$btod_e2e)
    _btod_ediv                               0x08001db5   Thumb Code    40  btod.o(CL$$btod_ediv)
    _btod_emul                               0x08001ddd   Thumb Code    40  btod.o(CL$$btod_emul)
    __btod_mult_common                       0x08001e05   Thumb Code   580  btod.o(CL$$btod_mult_common)
    BusFault_Handler                         0x08002049   Thumb Code     4  stm32f4xx_it.o(i.BusFault_Handler)
    CAN1_RX0_IRQHandler                      0x0800204d   Thumb Code    10  stm32f4xx_it.o(i.CAN1_RX0_IRQHandler)
    CAN2_RX0_IRQHandler                      0x0800205d   Thumb Code    10  stm32f4xx_it.o(i.CAN2_RX0_IRQHandler)
    CAN_cmd_chassis                          0x0800206d   Thumb Code    68  can_receive.o(i.CAN_cmd_chassis)
    CDC_Transmit_FS                          0x08002151   Thumb Code    50  usbd_cdc_if.o(i.CDC_Transmit_FS)
    CMD_DecodeFrame                          0x08002189   Thumb Code   212  usbd_cdc_if.o(i.CMD_DecodeFrame)
    DebugMon_Handler                         0x08002281   Thumb Code     2  stm32f4xx_it.o(i.DebugMon_Handler)
    Debug_DecodeFrame                        0x08002285   Thumb Code   298  debug.o(i.Debug_DecodeFrame)
    Debug_RegisterVar                        0x080023c1   Thumb Code    56  debug.o(i.Debug_RegisterVar)
    Error_Handler                            0x08002401   Thumb Code     2  main.o(i.Error_Handler)
    HAL_CAN_ActivateNotification             0x08002439   Thumb Code    36  stm32f4xx_hal_can.o(i.HAL_CAN_ActivateNotification)
    HAL_CAN_AddTxMessage                     0x0800245d   Thumb Code   260  stm32f4xx_hal_can.o(i.HAL_CAN_AddTxMessage)
    HAL_CAN_ConfigFilter                     0x08002561   Thumb Code   290  stm32f4xx_hal_can.o(i.HAL_CAN_ConfigFilter)
    HAL_CAN_ErrorCallback                    0x08002689   Thumb Code     2  stm32f4xx_hal_can.o(i.HAL_CAN_ErrorCallback)
    HAL_CAN_GetRxMessage                     0x0800268b   Thumb Code   364  stm32f4xx_hal_can.o(i.HAL_CAN_GetRxMessage)
    HAL_CAN_IRQHandler                       0x080027f7   Thumb Code   564  stm32f4xx_hal_can.o(i.HAL_CAN_IRQHandler)
    HAL_CAN_Init                             0x08002a2b   Thumb Code   360  stm32f4xx_hal_can.o(i.HAL_CAN_Init)
    HAL_CAN_MspInit                          0x08002b95   Thumb Code   328  can.o(i.HAL_CAN_MspInit)
    HAL_CAN_RxFifo0FullCallback              0x08002cf5   Thumb Code     2  stm32f4xx_hal_can.o(i.HAL_CAN_RxFifo0FullCallback)
    HAL_CAN_RxFifo0MsgPendingCallback        0x08002cf9   Thumb Code   200  can_receive.o(i.HAL_CAN_RxFifo0MsgPendingCallback)
    HAL_CAN_RxFifo1FullCallback              0x08002dc9   Thumb Code     2  stm32f4xx_hal_can.o(i.HAL_CAN_RxFifo1FullCallback)
    HAL_CAN_RxFifo1MsgPendingCallback        0x08002dcb   Thumb Code     2  stm32f4xx_hal_can.o(i.HAL_CAN_RxFifo1MsgPendingCallback)
    HAL_CAN_SleepCallback                    0x08002dcd   Thumb Code     2  stm32f4xx_hal_can.o(i.HAL_CAN_SleepCallback)
    HAL_CAN_Start                            0x08002dcf   Thumb Code   100  stm32f4xx_hal_can.o(i.HAL_CAN_Start)
    HAL_CAN_TxMailbox0AbortCallback          0x08002e33   Thumb Code     2  stm32f4xx_hal_can.o(i.HAL_CAN_TxMailbox0AbortCallback)
    HAL_CAN_TxMailbox0CompleteCallback       0x08002e35   Thumb Code     2  stm32f4xx_hal_can.o(i.HAL_CAN_TxMailbox0CompleteCallback)
    HAL_CAN_TxMailbox1AbortCallback          0x08002e37   Thumb Code     2  stm32f4xx_hal_can.o(i.HAL_CAN_TxMailbox1AbortCallback)
    HAL_CAN_TxMailbox1CompleteCallback       0x08002e39   Thumb Code     2  stm32f4xx_hal_can.o(i.HAL_CAN_TxMailbox1CompleteCallback)
    HAL_CAN_TxMailbox2AbortCallback          0x08002e3b   Thumb Code     2  stm32f4xx_hal_can.o(i.HAL_CAN_TxMailbox2AbortCallback)
    HAL_CAN_TxMailbox2CompleteCallback       0x08002e3d   Thumb Code     2  stm32f4xx_hal_can.o(i.HAL_CAN_TxMailbox2CompleteCallback)
    HAL_CAN_WakeUpFromRxMsgCallback          0x08002e3f   Thumb Code     2  stm32f4xx_hal_can.o(i.HAL_CAN_WakeUpFromRxMsgCallback)
    HAL_CRC_Init                             0x08002e41   Thumb Code    40  stm32f4xx_hal_crc.o(i.HAL_CRC_Init)
    HAL_CRC_MspInit                          0x08002e69   Thumb Code    44  crc.o(i.HAL_CRC_MspInit)
    HAL_Delay                                0x08002e9d   Thumb Code    34  stm32f4xx_hal.o(i.HAL_Delay)
    HAL_GPIO_Init                            0x08002ec5   Thumb Code   490  stm32f4xx_hal_gpio.o(i.HAL_GPIO_Init)
    HAL_GetTick                              0x080030c5   Thumb Code     6  stm32f4xx_hal.o(i.HAL_GetTick)
    HAL_IncTick                              0x080030d1   Thumb Code    12  stm32f4xx_hal.o(i.HAL_IncTick)
    HAL_Init                                 0x080030e1   Thumb Code    48  stm32f4xx_hal.o(i.HAL_Init)
    HAL_InitTick                             0x08003115   Thumb Code    58  stm32f4xx_hal.o(i.HAL_InitTick)
    HAL_MspInit                              0x08003159   Thumb Code    68  stm32f4xx_hal_msp.o(i.HAL_MspInit)
    HAL_NVIC_EnableIRQ                       0x080031a1   Thumb Code    28  stm32f4xx_hal_cortex.o(i.HAL_NVIC_EnableIRQ)
    HAL_NVIC_SetPriority                     0x080031bd   Thumb Code    98  stm32f4xx_hal_cortex.o(i.HAL_NVIC_SetPriority)
    HAL_NVIC_SetPriorityGrouping             0x08003225   Thumb Code    30  stm32f4xx_hal_cortex.o(i.HAL_NVIC_SetPriorityGrouping)
    HAL_PCDEx_LPM_Callback                   0x08003249   Thumb Code     2  stm32f4xx_hal_pcd_ex.o(i.HAL_PCDEx_LPM_Callback)
    HAL_PCDEx_SetRxFiFo                      0x0800324b   Thumb Code     8  stm32f4xx_hal_pcd_ex.o(i.HAL_PCDEx_SetRxFiFo)
    HAL_PCDEx_SetTxFiFo                      0x08003253   Thumb Code    74  stm32f4xx_hal_pcd_ex.o(i.HAL_PCDEx_SetTxFiFo)
    HAL_PCD_ConnectCallback                  0x0800329d   Thumb Code    14  usbd_conf.o(i.HAL_PCD_ConnectCallback)
    HAL_PCD_DataInStageCallback              0x080032ab   Thumb Code    32  usbd_conf.o(i.HAL_PCD_DataInStageCallback)
    HAL_PCD_DataOutStageCallback             0x080032cb   Thumb Code    32  usbd_conf.o(i.HAL_PCD_DataOutStageCallback)
    HAL_PCD_DisconnectCallback               0x080032eb   Thumb Code    14  usbd_conf.o(i.HAL_PCD_DisconnectCallback)
    HAL_PCD_EP_Close                         0x080032f9   Thumb Code    74  stm32f4xx_hal_pcd.o(i.HAL_PCD_EP_Close)
    HAL_PCD_EP_ClrStall                      0x08003343   Thumb Code    92  stm32f4xx_hal_pcd.o(i.HAL_PCD_EP_ClrStall)
    HAL_PCD_EP_GetRxCount                    0x0800339f   Thumb Code    18  stm32f4xx_hal_pcd.o(i.HAL_PCD_EP_GetRxCount)
    HAL_PCD_EP_Open                          0x080033b1   Thumb Code    92  stm32f4xx_hal_pcd.o(i.HAL_PCD_EP_Open)
    HAL_PCD_EP_Receive                       0x0800340d   Thumb Code    70  stm32f4xx_hal_pcd.o(i.HAL_PCD_EP_Receive)
    HAL_PCD_EP_SetStall                      0x08003453   Thumb Code   116  stm32f4xx_hal_pcd.o(i.HAL_PCD_EP_SetStall)
    HAL_PCD_EP_Transmit                      0x080034c7   Thumb Code    70  stm32f4xx_hal_pcd.o(i.HAL_PCD_EP_Transmit)
    HAL_PCD_IRQHandler                       0x0800350d   Thumb Code  1070  stm32f4xx_hal_pcd.o(i.HAL_PCD_IRQHandler)
    HAL_PCD_ISOINIncompleteCallback          0x0800393b   Thumb Code    18  usbd_conf.o(i.HAL_PCD_ISOINIncompleteCallback)
    HAL_PCD_ISOOUTIncompleteCallback         0x0800394d   Thumb Code    18  usbd_conf.o(i.HAL_PCD_ISOOUTIncompleteCallback)
    HAL_PCD_Init                             0x0800395f   Thumb Code   320  stm32f4xx_hal_pcd.o(i.HAL_PCD_Init)
    HAL_PCD_MspInit                          0x08003aa1   Thumb Code   160  usbd_conf.o(i.HAL_PCD_MspInit)
    HAL_PCD_ResetCallback                    0x08003b49   Thumb Code    48  usbd_conf.o(i.HAL_PCD_ResetCallback)
    HAL_PCD_ResumeCallback                   0x08003b79   Thumb Code    14  usbd_conf.o(i.HAL_PCD_ResumeCallback)
    HAL_PCD_SOFCallback                      0x08003b87   Thumb Code    14  usbd_conf.o(i.HAL_PCD_SOFCallback)
    HAL_PCD_SetAddress                       0x08003b95   Thumb Code    40  stm32f4xx_hal_pcd.o(i.HAL_PCD_SetAddress)
    HAL_PCD_SetupStageCallback               0x08003bbd   Thumb Code    18  usbd_conf.o(i.HAL_PCD_SetupStageCallback)
    HAL_PCD_Start                            0x08003bcf   Thumb Code    66  stm32f4xx_hal_pcd.o(i.HAL_PCD_Start)
    HAL_PCD_SuspendCallback                  0x08003c11   Thumb Code    46  usbd_conf.o(i.HAL_PCD_SuspendCallback)
    HAL_RCC_ClockConfig                      0x08003c45   Thumb Code   352  stm32f4xx_hal_rcc.o(i.HAL_RCC_ClockConfig)
    HAL_RCC_GetHCLKFreq                      0x08003db9   Thumb Code     6  stm32f4xx_hal_rcc.o(i.HAL_RCC_GetHCLKFreq)
    HAL_RCC_GetSysClockFreq                  0x08003dc5   Thumb Code    94  stm32f4xx_hal_rcc.o(i.HAL_RCC_GetSysClockFreq)
    HAL_RCC_OscConfig                        0x08003e35   Thumb Code  1078  stm32f4xx_hal_rcc.o(i.HAL_RCC_OscConfig)
    HAL_SYSTICK_Config                       0x0800426d   Thumb Code    36  stm32f4xx_hal_cortex.o(i.HAL_SYSTICK_Config)
    HAL_TIMEx_BreakCallback                  0x08004295   Thumb Code     2  stm32f4xx_hal_tim_ex.o(i.HAL_TIMEx_BreakCallback)
    HAL_TIMEx_CommutCallback                 0x08004297   Thumb Code     2  stm32f4xx_hal_tim_ex.o(i.HAL_TIMEx_CommutCallback)
    HAL_TIMEx_MasterConfigSynchronization    0x08004299   Thumb Code    78  stm32f4xx_hal_tim_ex.o(i.HAL_TIMEx_MasterConfigSynchronization)
    HAL_TIM_Base_Init                        0x080042e7   Thumb Code    56  stm32f4xx_hal_tim.o(i.HAL_TIM_Base_Init)
    HAL_TIM_Base_MspInit                     0x08004321   Thumb Code    62  tim.o(i.HAL_TIM_Base_MspInit)
    HAL_TIM_Base_Start_IT                    0x08004369   Thumb Code    34  stm32f4xx_hal_tim.o(i.HAL_TIM_Base_Start_IT)
    HAL_TIM_ConfigClockSource                0x0800438b   Thumb Code   228  stm32f4xx_hal_tim.o(i.HAL_TIM_ConfigClockSource)
    HAL_TIM_Encoder_Init                     0x0800446f   Thumb Code   190  stm32f4xx_hal_tim.o(i.HAL_TIM_Encoder_Init)
    HAL_TIM_Encoder_MspInit                  0x0800452d   Thumb Code   122  tim.o(i.HAL_TIM_Encoder_MspInit)
    HAL_TIM_Encoder_Start                    0x080045b5   Thumb Code    66  stm32f4xx_hal_tim.o(i.HAL_TIM_Encoder_Start)
    HAL_TIM_IC_CaptureCallback               0x080045f7   Thumb Code     2  stm32f4xx_hal_tim.o(i.HAL_TIM_IC_CaptureCallback)
    HAL_TIM_IRQHandler                       0x080045f9   Thumb Code   372  stm32f4xx_hal_tim.o(i.HAL_TIM_IRQHandler)
    HAL_TIM_OC_DelayElapsedCallback          0x0800476d   Thumb Code     2  stm32f4xx_hal_tim.o(i.HAL_TIM_OC_DelayElapsedCallback)
    HAL_TIM_PWM_PulseFinishedCallback        0x0800476f   Thumb Code     2  stm32f4xx_hal_tim.o(i.HAL_TIM_PWM_PulseFinishedCallback)
    HAL_TIM_PeriodElapsedCallback            0x08004771   Thumb Code   230  main.o(i.HAL_TIM_PeriodElapsedCallback)
    HAL_TIM_TriggerCallback                  0x08004895   Thumb Code     2  stm32f4xx_hal_tim.o(i.HAL_TIM_TriggerCallback)
    HardFault_Handler                        0x08004897   Thumb Code     4  stm32f4xx_it.o(i.HardFault_Handler)
    MX_CAN1_Init                             0x080048d9   Thumb Code    58  can.o(i.MX_CAN1_Init)
    MX_CAN2_Init                             0x0800491d   Thumb Code    58  can.o(i.MX_CAN2_Init)
    MX_CRC_Init                              0x08004961   Thumb Code    22  crc.o(i.MX_CRC_Init)
    MX_GPIO_Init                             0x08004981   Thumb Code   156  gpio.o(i.MX_GPIO_Init)
    MX_TIM1_Init                             0x08004a21   Thumb Code   122  tim.o(i.MX_TIM1_Init)
    MX_TIM4_Init                             0x08004aa5   Thumb Code   102  tim.o(i.MX_TIM4_Init)
    MX_USB_DEVICE_Init                       0x08004b15   Thumb Code    60  usb_device.o(i.MX_USB_DEVICE_Init)
    MemManage_Handler                        0x08004b61   Thumb Code     4  stm32f4xx_it.o(i.MemManage_Handler)
    NMI_Handler                              0x08004b65   Thumb Code     2  stm32f4xx_it.o(i.NMI_Handler)
    OTG_FS_IRQHandler                        0x08004b69   Thumb Code    10  stm32f4xx_it.o(i.OTG_FS_IRQHandler)
    PID_struct_init                          0x08004d75   Thumb Code    70  motor_pid.o(i.PID_struct_init)
    PendSV_Handler                           0x08004dc5   Thumb Code     2  stm32f4xx_it.o(i.PendSV_Handler)
    SVC_Handler                              0x08004dc7   Thumb Code     2  stm32f4xx_it.o(i.SVC_Handler)
    SysTick_Handler                          0x08004dc9   Thumb Code     8  stm32f4xx_it.o(i.SysTick_Handler)
    SystemClock_Config                       0x08004dd1   Thumb Code   170  main.o(i.SystemClock_Config)
    SystemInit                               0x08004e85   Thumb Code    82  system_stm32f4xx.o(i.SystemInit)
    TIM4_IRQHandler                          0x08004ee9   Thumb Code    10  stm32f4xx_it.o(i.TIM4_IRQHandler)
    TIM_Base_SetConfig                       0x08004ef9   Thumb Code   162  stm32f4xx_hal_tim.o(i.TIM_Base_SetConfig)
    TIM_CCxChannelCmd                        0x08004fb1   Thumb Code    30  stm32f4xx_hal_tim.o(i.TIM_CCxChannelCmd)
    TIM_ETR_SetConfig                        0x08004fcf   Thumb Code    22  stm32f4xx_hal_tim.o(i.TIM_ETR_SetConfig)
    USBD_CDC_GetDeviceQualifierDescriptor    0x0800512d   Thumb Code     8  usbd_cdc.o(i.USBD_CDC_GetDeviceQualifierDescriptor)
    USBD_CDC_ReceivePacket                   0x08005209   Thumb Code    50  usbd_cdc.o(i.USBD_CDC_ReceivePacket)
    USBD_CDC_RegisterInterface               0x0800523b   Thumb Code    16  usbd_cdc.o(i.USBD_CDC_RegisterInterface)
    USBD_CDC_SetRxBuffer                     0x0800524b   Thumb Code    12  usbd_cdc.o(i.USBD_CDC_SetRxBuffer)
    USBD_CDC_SetTxBuffer                     0x08005257   Thumb Code    16  usbd_cdc.o(i.USBD_CDC_SetTxBuffer)
    USBD_CDC_TransmitPacket                  0x0800534d   Thumb Code    56  usbd_cdc.o(i.USBD_CDC_TransmitPacket)
    USBD_ClrClassConfig                      0x08005385   Thumb Code    14  usbd_core.o(i.USBD_ClrClassConfig)
    USBD_CtlContinueRx                       0x080053b9   Thumb Code    16  usbd_ioreq.o(i.USBD_CtlContinueRx)
    USBD_CtlContinueSendData                 0x080053c9   Thumb Code    16  usbd_ioreq.o(i.USBD_CtlContinueSendData)
    USBD_CtlError                            0x080053d9   Thumb Code    24  usbd_ctlreq.o(i.USBD_CtlError)
    USBD_CtlPrepareRx                        0x080053f1   Thumb Code    30  usbd_ioreq.o(i.USBD_CtlPrepareRx)
    USBD_CtlReceiveStatus                    0x0800540f   Thumb Code    22  usbd_ioreq.o(i.USBD_CtlReceiveStatus)
    USBD_CtlSendData                         0x08005425   Thumb Code    26  usbd_ioreq.o(i.USBD_CtlSendData)
    USBD_CtlSendStatus                       0x0800543f   Thumb Code    22  usbd_ioreq.o(i.USBD_CtlSendStatus)
    USBD_FS_ConfigStrDescriptor              0x08005455   Thumb Code    34  usbd_desc.o(i.USBD_FS_ConfigStrDescriptor)
    USBD_FS_DeviceDescriptor                 0x08005489   Thumb Code    10  usbd_desc.o(i.USBD_FS_DeviceDescriptor)
    USBD_FS_InterfaceStrDescriptor           0x08005499   Thumb Code    34  usbd_desc.o(i.USBD_FS_InterfaceStrDescriptor)
    USBD_FS_LangIDStrDescriptor              0x080054d1   Thumb Code    10  usbd_desc.o(i.USBD_FS_LangIDStrDescriptor)
    USBD_FS_ManufacturerStrDescriptor        0x080054e1   Thumb Code    20  usbd_desc.o(i.USBD_FS_ManufacturerStrDescriptor)
    USBD_FS_ProductStrDescriptor             0x0800550d   Thumb Code    34  usbd_desc.o(i.USBD_FS_ProductStrDescriptor)
    USBD_FS_SerialStrDescriptor              0x0800554d   Thumb Code    18  usbd_desc.o(i.USBD_FS_SerialStrDescriptor)
    USBD_GetString                           0x0800571d   Thumb Code    68  usbd_ctlreq.o(i.USBD_GetString)
    USBD_Get_USB_Status                      0x08005761   Thumb Code    44  usbd_conf.o(i.USBD_Get_USB_Status)
    USBD_Init                                0x0800578d   Thumb Code    44  usbd_core.o(i.USBD_Init)
    USBD_LL_ClearStallEP                     0x080057b9   Thumb Code    38  usbd_conf.o(i.USBD_LL_ClearStallEP)
    USBD_LL_CloseEP                          0x080057df   Thumb Code    38  usbd_conf.o(i.USBD_LL_CloseEP)
    USBD_LL_DataInStage                      0x08005805   Thumb Code   214  usbd_core.o(i.USBD_LL_DataInStage)
    USBD_LL_DataOutStage                     0x080058db   Thumb Code   138  usbd_core.o(i.USBD_LL_DataOutStage)
    USBD_LL_DevConnected                     0x08005965   Thumb Code     4  usbd_core.o(i.USBD_LL_DevConnected)
    USBD_LL_DevDisconnected                  0x08005969   Thumb Code    22  usbd_core.o(i.USBD_LL_DevDisconnected)
    USBD_LL_GetRxDataSize                    0x0800597f   Thumb Code    18  usbd_conf.o(i.USBD_LL_GetRxDataSize)
    USBD_LL_Init                             0x08005991   Thumb Code   100  usbd_conf.o(i.USBD_LL_Init)
    USBD_LL_IsStallEP                        0x080059f9   Thumb Code    56  usbd_conf.o(i.USBD_LL_IsStallEP)
    USBD_LL_IsoINIncomplete                  0x08005a31   Thumb Code     4  usbd_core.o(i.USBD_LL_IsoINIncomplete)
    USBD_LL_IsoOUTIncomplete                 0x08005a35   Thumb Code     4  usbd_core.o(i.USBD_LL_IsoOUTIncomplete)
    USBD_LL_OpenEP                           0x08005a39   Thumb Code    48  usbd_conf.o(i.USBD_LL_OpenEP)
    USBD_LL_PrepareReceive                   0x08005a69   Thumb Code    48  usbd_conf.o(i.USBD_LL_PrepareReceive)
    USBD_LL_Reset                            0x08005a99   Thumb Code    82  usbd_core.o(i.USBD_LL_Reset)
    USBD_LL_Resume                           0x08005aeb   Thumb Code    12  usbd_core.o(i.USBD_LL_Resume)
    USBD_LL_SOF                              0x08005af7   Thumb Code    24  usbd_core.o(i.USBD_LL_SOF)
    USBD_LL_SetSpeed                         0x08005b0f   Thumb Code     6  usbd_core.o(i.USBD_LL_SetSpeed)
    USBD_LL_SetUSBAddress                    0x08005b15   Thumb Code    38  usbd_conf.o(i.USBD_LL_SetUSBAddress)
    USBD_LL_SetupStage                       0x08005b3b   Thumb Code    94  usbd_core.o(i.USBD_LL_SetupStage)
    USBD_LL_StallEP                          0x08005b99   Thumb Code    38  usbd_conf.o(i.USBD_LL_StallEP)
    USBD_LL_Start                            0x08005bbf   Thumb Code    30  usbd_conf.o(i.USBD_LL_Start)
    USBD_LL_Suspend                          0x08005bdd   Thumb Code    18  usbd_core.o(i.USBD_LL_Suspend)
    USBD_LL_Transmit                         0x08005bef   Thumb Code    48  usbd_conf.o(i.USBD_LL_Transmit)
    USBD_ParseSetupRequest                   0x08005c1f   Thumb Code    40  usbd_ctlreq.o(i.USBD_ParseSetupRequest)
    USBD_RegisterClass                       0x08005c47   Thumb Code    18  usbd_core.o(i.USBD_RegisterClass)
    USBD_RunTestMode                         0x08005c59   Thumb Code     4  usbd_core.o(i.USBD_RunTestMode)
    USBD_SetClassConfig                      0x08005cb5   Thumb Code    24  usbd_core.o(i.USBD_SetClassConfig)
    USBD_Start                               0x08005da9   Thumb Code    10  usbd_core.o(i.USBD_Start)
    USBD_StdDevReq                           0x08005db3   Thumb Code   128  usbd_ctlreq.o(i.USBD_StdDevReq)
    USBD_StdEPReq                            0x08005e33   Thumb Code   496  usbd_ctlreq.o(i.USBD_StdEPReq)
    USBD_StdItfReq                           0x08006023   Thumb Code   102  usbd_ctlreq.o(i.USBD_StdItfReq)
    USB_ActivateEndpoint                     0x08006089   Thumb Code   150  stm32f4xx_ll_usb.o(i.USB_ActivateEndpoint)
    USB_ActivateSetup                        0x08006125   Thumb Code    52  stm32f4xx_ll_usb.o(i.USB_ActivateSetup)
    USB_CoreInit                             0x08006159   Thumb Code   126  stm32f4xx_ll_usb.o(i.USB_CoreInit)
    USB_DeactivateEndpoint                   0x08006215   Thumb Code   134  stm32f4xx_ll_usb.o(i.USB_DeactivateEndpoint)
    USB_DevConnect                           0x080062a5   Thumb Code    24  stm32f4xx_ll_usb.o(i.USB_DevConnect)
    USB_DevDisconnect                        0x080062bd   Thumb Code    24  stm32f4xx_ll_usb.o(i.USB_DevDisconnect)
    USB_DevInit                              0x080062d5   Thumb Code   388  stm32f4xx_ll_usb.o(i.USB_DevInit)
    USB_DisableGlobalInt                     0x08006461   Thumb Code    12  stm32f4xx_ll_usb.o(i.USB_DisableGlobalInt)
    USB_EP0StartXfer                         0x0800646d   Thumb Code   298  stm32f4xx_ll_usb.o(i.USB_EP0StartXfer)
    USB_EP0_OutStart                         0x08006599   Thumb Code    90  stm32f4xx_ll_usb.o(i.USB_EP0_OutStart)
    USB_EPClearStall                         0x080065f9   Thumb Code    88  stm32f4xx_ll_usb.o(i.USB_EPClearStall)
    USB_EPSetStall                           0x08006651   Thumb Code    94  stm32f4xx_ll_usb.o(i.USB_EPSetStall)
    USB_EPStartXfer                          0x080066af   Thumb Code   552  stm32f4xx_ll_usb.o(i.USB_EPStartXfer)
    USB_EnableGlobalInt                      0x080068d7   Thumb Code    12  stm32f4xx_ll_usb.o(i.USB_EnableGlobalInt)
    USB_FlushRxFifo                          0x080068e5   Thumb Code    30  stm32f4xx_ll_usb.o(i.USB_FlushRxFifo)
    USB_FlushTxFifo                          0x08006909   Thumb Code    34  stm32f4xx_ll_usb.o(i.USB_FlushTxFifo)
    USB_GetDevSpeed                          0x08006931   Thumb Code    32  stm32f4xx_ll_usb.o(i.USB_GetDevSpeed)
    USB_GetMode                              0x08006951   Thumb Code     8  stm32f4xx_ll_usb.o(i.USB_GetMode)
    USB_ReadDevAllInEpInterrupt              0x08006959   Thumb Code    14  stm32f4xx_ll_usb.o(i.USB_ReadDevAllInEpInterrupt)
    USB_ReadDevAllOutEpInterrupt             0x08006967   Thumb Code    14  stm32f4xx_ll_usb.o(i.USB_ReadDevAllOutEpInterrupt)
    USB_ReadDevInEPInterrupt                 0x08006975   Thumb Code    36  stm32f4xx_ll_usb.o(i.USB_ReadDevInEPInterrupt)
    USB_ReadDevOutEPInterrupt                0x08006999   Thumb Code    16  stm32f4xx_ll_usb.o(i.USB_ReadDevOutEPInterrupt)
    USB_ReadInterrupts                       0x080069a9   Thumb Code     8  stm32f4xx_ll_usb.o(i.USB_ReadInterrupts)
    USB_ReadPacket                           0x080069b1   Thumb Code    36  stm32f4xx_ll_usb.o(i.USB_ReadPacket)
    USB_SetCurrentMode                       0x080069d5   Thumb Code    48  stm32f4xx_ll_usb.o(i.USB_SetCurrentMode)
    USB_SetDevAddress                        0x08006a05   Thumb Code    34  stm32f4xx_ll_usb.o(i.USB_SetDevAddress)
    USB_SetDevSpeed                          0x08006a27   Thumb Code    14  stm32f4xx_ll_usb.o(i.USB_SetDevSpeed)
    USB_SetTurnaroundTime                    0x08006a35   Thumb Code   182  stm32f4xx_ll_usb.o(i.USB_SetTurnaroundTime)
    USB_WritePacket                          0x08006b29   Thumb Code    48  stm32f4xx_ll_usb.o(i.USB_WritePacket)
    UsageFault_Handler                       0x08006b59   Thumb Code     4  stm32f4xx_it.o(i.UsageFault_Handler)
    __ARM_fpclassify                         0x08006b5d   Thumb Code    48  fpclassify.o(i.__ARM_fpclassify)
    _is_digit                                0x08006b8d   Thumb Code    14  __printf_wp.o(i._is_digit)
    abs_limit                                0x08006b9b   Thumb Code    46  motor_pid.o(i.abs_limit)
    can_filter_init                          0x08006bc9   Thumb Code    84  bsp_can.o(i.can_filter_init)
    getAngle                                 0x08006c25   Thumb Code    60  main.o(i.getAngle)
    getRadian                                0x08006c69   Thumb Code    70  main.o(i.getRadian)
    getTimEncoder                            0x08006cc1   Thumb Code    12  tim.o(i.getTimEncoder)
    get_total_angle                          0x08006cd1   Thumb Code    98  can_receive.o(i.get_total_angle)
    main                                     0x08006d35   Thumb Code   620  main.o(i.main)
    pid_calc                                 0x08007111   Thumb Code   528  motor_pid.o(i.pid_calc)
    usb_printf                               0x0800735d   Thumb Code    46  usbd_cdc_if.o(i.usb_printf)
    _get_lc_numeric                          0x08007395   Thumb Code    44  lc_numeric_c.o(locale$$code)
    _get_lc_ctype                            0x080073c1   Thumb Code    44  lc_ctype_c.o(locale$$code)
    __aeabi_d2f                              0x080073ed   Thumb Code     0  d2f.o(x$fpl$d2f)
    _d2f                                     0x080073ed   Thumb Code    98  d2f.o(x$fpl$d2f)
    __aeabi_ddiv                             0x08007451   Thumb Code     0  ddiv.o(x$fpl$ddiv)
    _ddiv                                    0x08007451   Thumb Code   552  ddiv.o(x$fpl$ddiv)
    __aeabi_dmul                             0x08007701   Thumb Code     0  dmul.o(x$fpl$dmul)
    _dmul                                    0x08007701   Thumb Code   332  dmul.o(x$fpl$dmul)
    __fpl_dnaninf                            0x08007855   Thumb Code   156  dnaninf.o(x$fpl$dnaninf)
    __fpl_dretinf                            0x080078f1   Thumb Code    12  dretinf.o(x$fpl$dretinf)
    __aeabi_f2d                              0x080078fd   Thumb Code     0  f2d.o(x$fpl$f2d)
    _f2d                                     0x080078fd   Thumb Code    86  f2d.o(x$fpl$f2d)
    __fpl_fnaninf                            0x08007953   Thumb Code   140  fnaninf.o(x$fpl$fnaninf)
    _fp_init                                 0x080079df   Thumb Code    10  fpinit.o(x$fpl$fpinit)
    __fplib_config_fpu_vfp                   0x080079e7   Thumb Code     0  fpinit.o(x$fpl$fpinit)
    __fplib_config_pureend_doubles           0x080079e7   Thumb Code     0  fpinit.o(x$fpl$fpinit)
    __fpl_fretinf                            0x080079e9   Thumb Code    10  fretinf.o(x$fpl$fretinf)
    _printf_fp_dec                           0x080079f3   Thumb Code     4  printf1.o(x$fpl$printf1)
    _printf_fp_hex                           0x080079f7   Thumb Code     4  printf2.o(x$fpl$printf2)
    AHBPrescTable                            0x080079fa   Data          16  system_stm32f4xx.o(.constdata)
    __I$use$fp                               0x080079fa   Number         0  usenofp.o(x$fpl$usenofp)
    APBPrescTable                            0x08007a0a   Data           8  system_stm32f4xx.o(.constdata)
    Region$$Table$$Base                      0x08007b70   Number         0  anon$$obj.o(Region$$Table)
    Region$$Table$$Limit                     0x08007b90   Number         0  anon$$obj.o(Region$$Table)
    __ctype                                  0x08007bb9   Data           0  lc_ctype_c.o(locale$$data)
    angle                                    0x20000000   Data           4  main.o(.data)
    radian                                   0x20000004   Data           4  main.o(.data)
    last_radian                              0x20000008   Data           4  main.o(.data)
    varepsilon                               0x2000000c   Data           4  main.o(.data)
    encoder                                  0x20000010   Data           4  main.o(.data)
    k_vel                                    0x20000014   Data           4  main.o(.data)
    hcrc                                     0x20000020   Data           8  crc.o(.data)
    FS_Desc                                  0x20000028   Data          28  usbd_desc.o(.data)
    USBD_FS_DeviceDesc                       0x20000044   Data          18  usbd_desc.o(.data)
    USBD_LangIDDesc                          0x20000058   Data           4  usbd_desc.o(.data)
    USBD_StringSerial                        0x2000005c   Data          26  usbd_desc.o(.data)
    set_vel                                  0x20000078   Data           2  usbd_cdc_if.o(.data)
    set_a                                    0x2000007c   Data           4  usbd_cdc_if.o(.data)
    set_encoder                              0x20000080   Data           4  usbd_cdc_if.o(.data)
    set_varepsilon                           0x20000084   Data           4  usbd_cdc_if.o(.data)
    send_flag                                0x20000088   Data           1  usbd_cdc_if.o(.data)
    pos_flag                                 0x20000089   Data           1  usbd_cdc_if.o(.data)
    vel_flag                                 0x2000008a   Data           1  usbd_cdc_if.o(.data)
    USBD_Interface_fops_FS                   0x2000008c   Data          16  usbd_cdc_if.o(.data)
    SystemCoreClock                          0x200000a0   Data           4  system_stm32f4xx.o(.data)
    varNum                                   0x200000b5   Data           1  debug.o(.data)
    uwTickFreq                               0x200000b8   Data           1  stm32f4xx_hal.o(.data)
    uwTickPrio                               0x200000bc   Data           4  stm32f4xx_hal.o(.data)
    uwTick                                   0x200000c0   Data           4  stm32f4xx_hal.o(.data)
    USBD_CDC_CfgHSDesc                       0x200000d4   Data          67  usbd_cdc.o(.data)
    USBD_CDC_CfgFSDesc                       0x20000118   Data          67  usbd_cdc.o(.data)
    USBD_CDC_OtherSpeedCfgDesc               0x2000015c   Data          67  usbd_cdc.o(.data)
    USBD_CDC                                 0x200001a0   Data          56  usbd_cdc.o(.data)
    hcan1                                    0x200001d8   Data          40  can.o(.bss)
    hcan2                                    0x20000200   Data          40  can.o(.bss)
    htim1                                    0x20000228   Data          64  tim.o(.bss)
    htim4                                    0x20000268   Data          64  tim.o(.bss)
    hUsbDeviceFS                             0x200002a8   Data         668  usb_device.o(.bss)
    hpcd_USB_OTG_FS                          0x20000544   Data        1032  usbd_conf.o(.bss)
    USBD_StrDesc                             0x2000094c   Data         512  usbd_desc.o(.bss)
    usb_buf                                  0x20000b4c   Data         256  usbd_cdc_if.o(.bss)
    UserRxBufferFS                           0x20000c4c   Data        2048  usbd_cdc_if.o(.bss)
    UserTxBufferFS                           0x2000144c   Data        2048  usbd_cdc_if.o(.bss)
    motor_chassis                            0x20001c4c   Data         112  can_receive.o(.bss)
    varList                                  0x20001cec   Data         240  debug.o(.bss)
    __libspace_start                         0x20001df0   Data          96  libspace.o(.bss)
    __temporary_stack_top$libspace           0x20001e50   Data           0  libspace.o(.bss)



==============================================================================

Memory Map of the image

  Image Entry point : 0x08000189

  Load Region LR_IROM1 (Base: 0x08000000, Size: 0x00007e94, Max: 0x00100000, ABSOLUTE, COMPRESSED[0x00007d88])

    Execution Region ER_IROM1 (Base: 0x08000000, Size: 0x00007cbc, Max: 0x00100000, ABSOLUTE)

    Base Addr    Size         Type   Attr      Idx    E Section Name        Object

    0x08000000   0x00000188   Data   RO            3    RESET               startup_stm32f407xx.o
    0x08000188   0x00000008   Code   RO         4814  * !!!main             c_w.l(__main.o)
    0x08000190   0x00000034   Code   RO         5220    !!!scatter          c_w.l(__scatter.o)
    0x080001c4   0x0000005a   Code   RO         5218    !!dczerorl2         c_w.l(__dczerorl2.o)
    0x0800021e   0x00000002   PAD
    0x08000220   0x0000001c   Code   RO         5222    !!handler_zi        c_w.l(__scatter_zi.o)
    0x0800023c   0x00000000   Code   RO         4947    .ARM.Collect$$_printf_percent$$00000000  c_w.l(_printf_percent.o)
    0x0800023c   0x00000006   Code   RO         4936    .ARM.Collect$$_printf_percent$$00000001  c_w.l(_printf_n.o)
    0x08000242   0x00000006   Code   RO         4938    .ARM.Collect$$_printf_percent$$00000002  c_w.l(_printf_p.o)
    0x08000248   0x00000006   Code   RO         4943    .ARM.Collect$$_printf_percent$$00000003  c_w.l(_printf_f.o)
    0x0800024e   0x00000006   Code   RO         4944    .ARM.Collect$$_printf_percent$$00000004  c_w.l(_printf_e.o)
    0x08000254   0x00000006   Code   RO         4945    .ARM.Collect$$_printf_percent$$00000005  c_w.l(_printf_g.o)
    0x0800025a   0x00000006   Code   RO         4946    .ARM.Collect$$_printf_percent$$00000006  c_w.l(_printf_a.o)
    0x08000260   0x0000000a   Code   RO         4951    .ARM.Collect$$_printf_percent$$00000007  c_w.l(_printf_ll.o)
    0x0800026a   0x00000006   Code   RO         4940    .ARM.Collect$$_printf_percent$$00000008  c_w.l(_printf_i.o)
    0x08000270   0x00000006   Code   RO         4941    .ARM.Collect$$_printf_percent$$00000009  c_w.l(_printf_d.o)
    0x08000276   0x00000006   Code   RO         4942    .ARM.Collect$$_printf_percent$$0000000A  c_w.l(_printf_u.o)
    0x0800027c   0x00000006   Code   RO         4939    .ARM.Collect$$_printf_percent$$0000000B  c_w.l(_printf_o.o)
    0x08000282   0x00000006   Code   RO         4937    .ARM.Collect$$_printf_percent$$0000000C  c_w.l(_printf_x.o)
    0x08000288   0x00000006   Code   RO         4948    .ARM.Collect$$_printf_percent$$0000000D  c_w.l(_printf_lli.o)
    0x0800028e   0x00000006   Code   RO         4949    .ARM.Collect$$_printf_percent$$0000000E  c_w.l(_printf_lld.o)
    0x08000294   0x00000006   Code   RO         4950    .ARM.Collect$$_printf_percent$$0000000F  c_w.l(_printf_llu.o)
    0x0800029a   0x00000006   Code   RO         4955    .ARM.Collect$$_printf_percent$$00000010  c_w.l(_printf_llo.o)
    0x080002a0   0x00000006   Code   RO         4956    .ARM.Collect$$_printf_percent$$00000011  c_w.l(_printf_llx.o)
    0x080002a6   0x0000000a   Code   RO         4952    .ARM.Collect$$_printf_percent$$00000012  c_w.l(_printf_l.o)
    0x080002b0   0x00000006   Code   RO         4934    .ARM.Collect$$_printf_percent$$00000013  c_w.l(_printf_c.o)
    0x080002b6   0x00000006   Code   RO         4935    .ARM.Collect$$_printf_percent$$00000014  c_w.l(_printf_s.o)
    0x080002bc   0x00000006   Code   RO         4953    .ARM.Collect$$_printf_percent$$00000015  c_w.l(_printf_lc.o)
    0x080002c2   0x00000006   Code   RO         4954    .ARM.Collect$$_printf_percent$$00000016  c_w.l(_printf_ls.o)
    0x080002c8   0x00000004   Code   RO         5068    .ARM.Collect$$_printf_percent$$00000017  c_w.l(_printf_percent_end.o)
    0x080002cc   0x00000002   Code   RO         5149    .ARM.Collect$$libinit$$00000000  c_w.l(libinit.o)
    0x080002ce   0x00000004   Code   RO         4959    .ARM.Collect$$libinit$$00000001  c_w.l(libinit2.o)
    0x080002d2   0x00000000   Code   RO         4962    .ARM.Collect$$libinit$$00000004  c_w.l(libinit2.o)
    0x080002d2   0x00000008   Code   RO         4963    .ARM.Collect$$libinit$$00000005  c_w.l(libinit2.o)
    0x080002da   0x00000000   Code   RO         4965    .ARM.Collect$$libinit$$0000000A  c_w.l(libinit2.o)
    0x080002da   0x00000000   Code   RO         4967    .ARM.Collect$$libinit$$0000000C  c_w.l(libinit2.o)
    0x080002da   0x00000000   Code   RO         4969    .ARM.Collect$$libinit$$0000000E  c_w.l(libinit2.o)
    0x080002da   0x00000006   Code   RO         4970    .ARM.Collect$$libinit$$0000000F  c_w.l(libinit2.o)
    0x080002e0   0x00000000   Code   RO         4972    .ARM.Collect$$libinit$$00000011  c_w.l(libinit2.o)
    0x080002e0   0x0000000c   Code   RO         4973    .ARM.Collect$$libinit$$00000012  c_w.l(libinit2.o)
    0x080002ec   0x00000000   Code   RO         4974    .ARM.Collect$$libinit$$00000013  c_w.l(libinit2.o)
    0x080002ec   0x00000000   Code   RO         4976    .ARM.Collect$$libinit$$00000015  c_w.l(libinit2.o)
    0x080002ec   0x0000000a   Code   RO         4977    .ARM.Collect$$libinit$$00000016  c_w.l(libinit2.o)
    0x080002f6   0x00000000   Code   RO         4978    .ARM.Collect$$libinit$$00000017  c_w.l(libinit2.o)
    0x080002f6   0x00000000   Code   RO         4980    .ARM.Collect$$libinit$$00000019  c_w.l(libinit2.o)
    0x080002f6   0x00000000   Code   RO         4982    .ARM.Collect$$libinit$$0000001B  c_w.l(libinit2.o)
    0x080002f6   0x00000000   Code   RO         4984    .ARM.Collect$$libinit$$0000001D  c_w.l(libinit2.o)
    0x080002f6   0x00000000   Code   RO         4986    .ARM.Collect$$libinit$$0000001F  c_w.l(libinit2.o)
    0x080002f6   0x00000000   Code   RO         4988    .ARM.Collect$$libinit$$00000021  c_w.l(libinit2.o)
    0x080002f6   0x00000000   Code   RO         4990    .ARM.Collect$$libinit$$00000023  c_w.l(libinit2.o)
    0x080002f6   0x00000000   Code   RO         4992    .ARM.Collect$$libinit$$00000025  c_w.l(libinit2.o)
    0x080002f6   0x00000000   Code   RO         4996    .ARM.Collect$$libinit$$0000002C  c_w.l(libinit2.o)
    0x080002f6   0x00000000   Code   RO         4998    .ARM.Collect$$libinit$$0000002E  c_w.l(libinit2.o)
    0x080002f6   0x00000000   Code   RO         5000    .ARM.Collect$$libinit$$00000030  c_w.l(libinit2.o)
    0x080002f6   0x00000000   Code   RO         5002    .ARM.Collect$$libinit$$00000032  c_w.l(libinit2.o)
    0x080002f6   0x00000002   Code   RO         5003    .ARM.Collect$$libinit$$00000033  c_w.l(libinit2.o)
    0x080002f8   0x00000002   Code   RO         5215    .ARM.Collect$$libshutdown$$00000000  c_w.l(libshutdown.o)
    0x080002fa   0x00000000   Code   RO         5175    .ARM.Collect$$libshutdown$$00000003  c_w.l(libshutdown2.o)
    0x080002fa   0x00000000   Code   RO         5178    .ARM.Collect$$libshutdown$$00000006  c_w.l(libshutdown2.o)
    0x080002fa   0x00000000   Code   RO         5181    .ARM.Collect$$libshutdown$$00000009  c_w.l(libshutdown2.o)
    0x080002fa   0x00000000   Code   RO         5183    .ARM.Collect$$libshutdown$$0000000B  c_w.l(libshutdown2.o)
    0x080002fa   0x00000000   Code   RO         5186    .ARM.Collect$$libshutdown$$0000000E  c_w.l(libshutdown2.o)
    0x080002fa   0x00000002   Code   RO         5187    .ARM.Collect$$libshutdown$$0000000F  c_w.l(libshutdown2.o)
    0x080002fc   0x00000000   Code   RO         4836    .ARM.Collect$$rtentry$$00000000  c_w.l(__rtentry.o)
    0x080002fc   0x00000000   Code   RO         5029    .ARM.Collect$$rtentry$$00000002  c_w.l(__rtentry2.o)
    0x080002fc   0x00000006   Code   RO         5041    .ARM.Collect$$rtentry$$00000004  c_w.l(__rtentry4.o)
    0x08000302   0x00000000   Code   RO         5031    .ARM.Collect$$rtentry$$00000009  c_w.l(__rtentry2.o)
    0x08000302   0x00000004   Code   RO         5032    .ARM.Collect$$rtentry$$0000000A  c_w.l(__rtentry2.o)
    0x08000306   0x00000000   Code   RO         5034    .ARM.Collect$$rtentry$$0000000C  c_w.l(__rtentry2.o)
    0x08000306   0x00000008   Code   RO         5035    .ARM.Collect$$rtentry$$0000000D  c_w.l(__rtentry2.o)
    0x0800030e   0x00000002   Code   RO         5156    .ARM.Collect$$rtexit$$00000000  c_w.l(rtexit.o)
    0x08000310   0x00000000   Code   RO         5191    .ARM.Collect$$rtexit$$00000002  c_w.l(rtexit2.o)
    0x08000310   0x00000004   Code   RO         5192    .ARM.Collect$$rtexit$$00000003  c_w.l(rtexit2.o)
    0x08000314   0x00000006   Code   RO         5193    .ARM.Collect$$rtexit$$00000004  c_w.l(rtexit2.o)
    0x0800031a   0x00000002   PAD
    0x0800031c   0x00000000   Code   RO         5047    .emb_text           c_w.l(maybetermalloc1.o)
    0x0800031c   0x00000040   Code   RO            4    .text               startup_stm32f407xx.o
    0x0800035c   0x0000005e   Code   RO         4742    .text               c_w.l(h1_alloc.o)
    0x080003ba   0x0000004e   Code   RO         4744    .text               c_w.l(h1_free.o)
    0x08000408   0x000000ee   Code   RO         4800    .text               c_w.l(lludivv7m.o)
    0x080004f6   0x00000002   PAD
    0x080004f8   0x00000024   Code   RO         4802    .text               c_w.l(vsprintf.o)
    0x0800051c   0x0000003e   Code   RO         4804    .text               c_w.l(strlen.o)
    0x0800055a   0x0000008a   Code   RO         4806    .text               c_w.l(rt_memcpy_v6.o)
    0x080005e4   0x00000064   Code   RO         4808    .text               c_w.l(rt_memcpy_w.o)
    0x08000648   0x0000004e   Code   RO         4810    .text               c_w.l(rt_memclr_w.o)
    0x08000696   0x00000006   Code   RO         4812    .text               c_w.l(heapauxi.o)
    0x0800069c   0x00000008   Code   RO         4844    .text               c_w.l(rt_heap_descriptor_intlibspace.o)
    0x080006a4   0x00000004   Code   RO         4846    .text               c_w.l(hguard.o)
    0x080006a8   0x0000008a   Code   RO         4848    .text               c_w.l(init_alloc.o)
    0x08000732   0x0000000e   Code   RO         4852    .text               c_w.l(h1_init.o)
    0x08000740   0x0000004e   Code   RO         4868    .text               c_w.l(_printf_pad.o)
    0x0800078e   0x00000024   Code   RO         4870    .text               c_w.l(_printf_truncate.o)
    0x080007b2   0x00000052   Code   RO         4872    .text               c_w.l(_printf_str.o)
    0x08000804   0x00000078   Code   RO         4874    .text               c_w.l(_printf_dec.o)
    0x0800087c   0x00000028   Code   RO         4876    .text               c_w.l(_printf_charcount.o)
    0x080008a4   0x00000030   Code   RO         4878    .text               c_w.l(_printf_char_common.o)
    0x080008d4   0x0000000a   Code   RO         4880    .text               c_w.l(_sputc.o)
    0x080008de   0x00000002   PAD
    0x080008e0   0x000000bc   Code   RO         4882    .text               c_w.l(_printf_wctomb.o)
    0x0800099c   0x0000007c   Code   RO         4885    .text               c_w.l(_printf_longlong_dec.o)
    0x08000a18   0x00000070   Code   RO         4891    .text               c_w.l(_printf_oct_int_ll.o)
    0x08000a88   0x00000094   Code   RO         4911    .text               c_w.l(_printf_hex_int_ll_ptr.o)
    0x08000b1c   0x00000188   Code   RO         4931    .text               c_w.l(__printf_flags_ss_wp.o)
    0x08000ca4   0x00000008   Code   RO         5025    .text               c_w.l(libspace.o)
    0x08000cac   0x00000034   Code   RO         5049    .text               c_w.l(h1_extend.o)
    0x08000ce0   0x0000008a   Code   RO         5053    .text               c_w.l(lludiv10.o)
    0x08000d6a   0x000000b2   Code   RO         5055    .text               c_w.l(_printf_intcommon.o)
    0x08000e1c   0x0000041a   Code   RO         5057    .text               c_w.l(_printf_fp_dec.o)
    0x08001236   0x00000002   PAD
    0x08001238   0x000002fc   Code   RO         5059    .text               c_w.l(_printf_fp_hex.o)
    0x08001534   0x0000002c   Code   RO         5064    .text               c_w.l(_printf_char.o)
    0x08001560   0x0000002c   Code   RO         5066    .text               c_w.l(_printf_wchar.o)
    0x0800158c   0x00000040   Code   RO         5069    .text               c_w.l(_wcrtomb.o)
    0x080015cc   0x0000000e   Code   RO         5071    .text               c_w.l(defsig_rtmem_outer.o)
    0x080015da   0x00000002   Code   RO         5084    .text               c_w.l(use_no_semi.o)
    0x080015dc   0x00000000   Code   RO         5086    .text               c_w.l(indicate_semi.o)
    0x080015dc   0x0000004a   Code   RO         5087    .text               c_w.l(sys_stackheap_outer.o)
    0x08001626   0x00000002   PAD
    0x08001628   0x00000010   Code   RO         5089    .text               c_w.l(rt_ctype_table.o)
    0x08001638   0x00000008   Code   RO         5096    .text               c_w.l(rt_locale_intlibspace.o)
    0x08001640   0x00000080   Code   RO         5100    .text               c_w.l(_printf_fp_infnan.o)
    0x080016c0   0x000000dc   Code   RO         5102    .text               c_w.l(bigflt0.o)
    0x0800179c   0x0000000c   Code   RO         5130    .text               c_w.l(exit.o)
    0x080017a8   0x0000000a   Code   RO         5132    .text               c_w.l(defsig_exit.o)
    0x080017b2   0x00000002   PAD
    0x080017b4   0x00000050   Code   RO         5138    .text               c_w.l(defsig_rtmem_inner.o)
    0x08001804   0x0000000c   Code   RO         5154    .text               c_w.l(sys_exit.o)
    0x08001810   0x00000032   Code   RO         5167    .text               c_w.l(defsig_general.o)
    0x08001842   0x00000002   PAD
    0x08001844   0x00000080   Code   RO         5171    .text               c_w.l(strcmpv7m.o)
    0x080018c4   0x0000000e   Code   RO         5188    .text               c_w.l(sys_wrch.o)
    0x080018d2   0x0000003e   Code   RO         5105    CL$$btod_d2e        c_w.l(btod.o)
    0x08001910   0x00000046   Code   RO         5107    CL$$btod_d2e_denorm_low  c_w.l(btod.o)
    0x08001956   0x00000060   Code   RO         5106    CL$$btod_d2e_norm_op1  c_w.l(btod.o)
    0x080019b6   0x00000338   Code   RO         5115    CL$$btod_div_common  c_w.l(btod.o)
    0x08001cee   0x000000c6   Code   RO         5112    CL$$btod_e2e        c_w.l(btod.o)
    0x08001db4   0x00000028   Code   RO         5109    CL$$btod_ediv       c_w.l(btod.o)
    0x08001ddc   0x00000028   Code   RO         5108    CL$$btod_emul       c_w.l(btod.o)
    0x08001e04   0x00000244   Code   RO         5114    CL$$btod_mult_common  c_w.l(btod.o)
    0x08002048   0x00000004   Code   RO          839    i.BusFault_Handler  stm32f4xx_it.o
    0x0800204c   0x00000010   Code   RO          840    i.CAN1_RX0_IRQHandler  stm32f4xx_it.o
    0x0800205c   0x00000010   Code   RO          841    i.CAN2_RX0_IRQHandler  stm32f4xx_it.o
    0x0800206c   0x00000050   Code   RO         1096    i.CAN_cmd_chassis   can_receive.o
    0x080020bc   0x00000044   Code   RO          768    i.CDC_Control_FS    usbd_cdc_if.o
    0x08002100   0x00000004   Code   RO          769    i.CDC_DeInit_FS     usbd_cdc_if.o
    0x08002104   0x00000024   Code   RO          770    i.CDC_Init_FS       usbd_cdc_if.o
    0x08002128   0x00000028   Code   RO          771    i.CDC_Receive_FS    usbd_cdc_if.o
    0x08002150   0x00000038   Code   RO          772    i.CDC_Transmit_FS   usbd_cdc_if.o
    0x08002188   0x000000f8   Code   RO          773    i.CMD_DecodeFrame   usbd_cdc_if.o
    0x08002280   0x00000002   Code   RO          842    i.DebugMon_Handler  stm32f4xx_it.o
    0x08002282   0x00000002   PAD
    0x08002284   0x0000013c   Code   RO         1245    i.Debug_DecodeFrame  debug.o
    0x080023c0   0x00000040   Code   RO         1246    i.Debug_RegisterVar  debug.o
    0x08002400   0x00000002   Code   RO           13    i.Error_Handler     main.o
    0x08002402   0x00000002   PAD
    0x08002404   0x00000034   Code   RO          678    i.Get_SerialNum     usbd_desc.o
    0x08002438   0x00000024   Code   RO         3108    i.HAL_CAN_ActivateNotification  stm32f4xx_hal_can.o
    0x0800245c   0x00000104   Code   RO         3109    i.HAL_CAN_AddTxMessage  stm32f4xx_hal_can.o
    0x08002560   0x00000128   Code   RO         3110    i.HAL_CAN_ConfigFilter  stm32f4xx_hal_can.o
    0x08002688   0x00000002   Code   RO         3113    i.HAL_CAN_ErrorCallback  stm32f4xx_hal_can.o
    0x0800268a   0x0000016c   Code   RO         3116    i.HAL_CAN_GetRxMessage  stm32f4xx_hal_can.o
    0x080027f6   0x00000234   Code   RO         3120    i.HAL_CAN_IRQHandler  stm32f4xx_hal_can.o
    0x08002a2a   0x00000168   Code   RO         3121    i.HAL_CAN_Init      stm32f4xx_hal_can.o
    0x08002b92   0x00000002   PAD
    0x08002b94   0x00000160   Code   RO          285    i.HAL_CAN_MspInit   can.o
    0x08002cf4   0x00000002   Code   RO         3128    i.HAL_CAN_RxFifo0FullCallback  stm32f4xx_hal_can.o
    0x08002cf6   0x00000002   PAD
    0x08002cf8   0x000000d0   Code   RO         1099    i.HAL_CAN_RxFifo0MsgPendingCallback  can_receive.o
    0x08002dc8   0x00000002   Code   RO         3130    i.HAL_CAN_RxFifo1FullCallback  stm32f4xx_hal_can.o
    0x08002dca   0x00000002   Code   RO         3131    i.HAL_CAN_RxFifo1MsgPendingCallback  stm32f4xx_hal_can.o
    0x08002dcc   0x00000002   Code   RO         3132    i.HAL_CAN_SleepCallback  stm32f4xx_hal_can.o
    0x08002dce   0x00000064   Code   RO         3133    i.HAL_CAN_Start     stm32f4xx_hal_can.o
    0x08002e32   0x00000002   Code   RO         3135    i.HAL_CAN_TxMailbox0AbortCallback  stm32f4xx_hal_can.o
    0x08002e34   0x00000002   Code   RO         3136    i.HAL_CAN_TxMailbox0CompleteCallback  stm32f4xx_hal_can.o
    0x08002e36   0x00000002   Code   RO         3137    i.HAL_CAN_TxMailbox1AbortCallback  stm32f4xx_hal_can.o
    0x08002e38   0x00000002   Code   RO         3138    i.HAL_CAN_TxMailbox1CompleteCallback  stm32f4xx_hal_can.o
    0x08002e3a   0x00000002   Code   RO         3139    i.HAL_CAN_TxMailbox2AbortCallback  stm32f4xx_hal_can.o
    0x08002e3c   0x00000002   Code   RO         3140    i.HAL_CAN_TxMailbox2CompleteCallback  stm32f4xx_hal_can.o
    0x08002e3e   0x00000002   Code   RO         3142    i.HAL_CAN_WakeUpFromRxMsgCallback  stm32f4xx_hal_can.o
    0x08002e40   0x00000028   Code   RO         3345    i.HAL_CRC_Init      stm32f4xx_hal_crc.o
    0x08002e68   0x00000034   Code   RO          335    i.HAL_CRC_MspInit   crc.o
    0x08002e9c   0x00000028   Code   RO         2859    i.HAL_Delay         stm32f4xx_hal.o
    0x08002ec4   0x00000200   Code   RO         2338    i.HAL_GPIO_Init     stm32f4xx_hal_gpio.o
    0x080030c4   0x0000000c   Code   RO         2865    i.HAL_GetTick       stm32f4xx_hal.o
    0x080030d0   0x00000010   Code   RO         2871    i.HAL_IncTick       stm32f4xx_hal.o
    0x080030e0   0x00000034   Code   RO         2872    i.HAL_Init          stm32f4xx_hal.o
    0x08003114   0x00000044   Code   RO         2873    i.HAL_InitTick      stm32f4xx_hal.o
    0x08003158   0x00000048   Code   RO          939    i.HAL_MspInit       stm32f4xx_hal_msp.o
    0x080031a0   0x0000001c   Code   RO         2727    i.HAL_NVIC_EnableIRQ  stm32f4xx_hal_cortex.o
    0x080031bc   0x00000068   Code   RO         2733    i.HAL_NVIC_SetPriority  stm32f4xx_hal_cortex.o
    0x08003224   0x00000024   Code   RO         2734    i.HAL_NVIC_SetPriorityGrouping  stm32f4xx_hal_cortex.o
    0x08003248   0x00000002   Code   RO         1591    i.HAL_PCDEx_LPM_Callback  stm32f4xx_hal_pcd_ex.o
    0x0800324a   0x00000008   Code   RO         1592    i.HAL_PCDEx_SetRxFiFo  stm32f4xx_hal_pcd_ex.o
    0x08003252   0x0000004a   Code   RO         1593    i.HAL_PCDEx_SetTxFiFo  stm32f4xx_hal_pcd_ex.o
    0x0800329c   0x0000000e   Code   RO          479    i.HAL_PCD_ConnectCallback  usbd_conf.o
    0x080032aa   0x00000020   Code   RO          480    i.HAL_PCD_DataInStageCallback  usbd_conf.o
    0x080032ca   0x00000020   Code   RO          481    i.HAL_PCD_DataOutStageCallback  usbd_conf.o
    0x080032ea   0x0000000e   Code   RO          482    i.HAL_PCD_DisconnectCallback  usbd_conf.o
    0x080032f8   0x0000004a   Code   RO         1374    i.HAL_PCD_EP_Close  stm32f4xx_hal_pcd.o
    0x08003342   0x0000005c   Code   RO         1375    i.HAL_PCD_EP_ClrStall  stm32f4xx_hal_pcd.o
    0x0800339e   0x00000012   Code   RO         1377    i.HAL_PCD_EP_GetRxCount  stm32f4xx_hal_pcd.o
    0x080033b0   0x0000005c   Code   RO         1378    i.HAL_PCD_EP_Open   stm32f4xx_hal_pcd.o
    0x0800340c   0x00000046   Code   RO         1379    i.HAL_PCD_EP_Receive  stm32f4xx_hal_pcd.o
    0x08003452   0x00000074   Code   RO         1380    i.HAL_PCD_EP_SetStall  stm32f4xx_hal_pcd.o
    0x080034c6   0x00000046   Code   RO         1381    i.HAL_PCD_EP_Transmit  stm32f4xx_hal_pcd.o
    0x0800350c   0x0000042e   Code   RO         1383    i.HAL_PCD_IRQHandler  stm32f4xx_hal_pcd.o
    0x0800393a   0x00000012   Code   RO          483    i.HAL_PCD_ISOINIncompleteCallback  usbd_conf.o
    0x0800394c   0x00000012   Code   RO          484    i.HAL_PCD_ISOOUTIncompleteCallback  usbd_conf.o
    0x0800395e   0x00000140   Code   RO         1386    i.HAL_PCD_Init      stm32f4xx_hal_pcd.o
    0x08003a9e   0x00000002   PAD
    0x08003aa0   0x000000a8   Code   RO          486    i.HAL_PCD_MspInit   usbd_conf.o
    0x08003b48   0x00000030   Code   RO          487    i.HAL_PCD_ResetCallback  usbd_conf.o
    0x08003b78   0x0000000e   Code   RO          488    i.HAL_PCD_ResumeCallback  usbd_conf.o
    0x08003b86   0x0000000e   Code   RO          489    i.HAL_PCD_SOFCallback  usbd_conf.o
    0x08003b94   0x00000028   Code   RO         1392    i.HAL_PCD_SetAddress  stm32f4xx_hal_pcd.o
    0x08003bbc   0x00000012   Code   RO          490    i.HAL_PCD_SetupStageCallback  usbd_conf.o
    0x08003bce   0x00000042   Code   RO         1394    i.HAL_PCD_Start     stm32f4xx_hal_pcd.o
    0x08003c10   0x00000034   Code   RO          491    i.HAL_PCD_SuspendCallback  usbd_conf.o
    0x08003c44   0x00000174   Code   RO         1939    i.HAL_RCC_ClockConfig  stm32f4xx_hal_rcc.o
    0x08003db8   0x0000000c   Code   RO         1944    i.HAL_RCC_GetHCLKFreq  stm32f4xx_hal_rcc.o
    0x08003dc4   0x00000070   Code   RO         1948    i.HAL_RCC_GetSysClockFreq  stm32f4xx_hal_rcc.o
    0x08003e34   0x00000436   Code   RO         1951    i.HAL_RCC_OscConfig  stm32f4xx_hal_rcc.o
    0x0800426a   0x00000002   PAD
    0x0800426c   0x00000028   Code   RO         2738    i.HAL_SYSTICK_Config  stm32f4xx_hal_cortex.o
    0x08004294   0x00000002   Code   RO         4089    i.HAL_TIMEx_BreakCallback  stm32f4xx_hal_tim_ex.o
    0x08004296   0x00000002   Code   RO         4090    i.HAL_TIMEx_CommutCallback  stm32f4xx_hal_tim_ex.o
    0x08004298   0x0000004e   Code   RO         4107    i.HAL_TIMEx_MasterConfigSynchronization  stm32f4xx_hal_tim_ex.o
    0x080042e6   0x00000038   Code   RO         3403    i.HAL_TIM_Base_Init  stm32f4xx_hal_tim.o
    0x0800431e   0x00000002   PAD
    0x08004320   0x00000048   Code   RO          377    i.HAL_TIM_Base_MspInit  tim.o
    0x08004368   0x00000022   Code   RO         3408    i.HAL_TIM_Base_Start_IT  stm32f4xx_hal_tim.o
    0x0800438a   0x000000e4   Code   RO         3412    i.HAL_TIM_ConfigClockSource  stm32f4xx_hal_tim.o
    0x0800446e   0x000000be   Code   RO         3421    i.HAL_TIM_Encoder_Init  stm32f4xx_hal_tim.o
    0x0800452c   0x00000088   Code   RO          379    i.HAL_TIM_Encoder_MspInit  tim.o
    0x080045b4   0x00000042   Code   RO         3424    i.HAL_TIM_Encoder_Start  stm32f4xx_hal_tim.o
    0x080045f6   0x00000002   Code   RO         3432    i.HAL_TIM_IC_CaptureCallback  stm32f4xx_hal_tim.o
    0x080045f8   0x00000174   Code   RO         3446    i.HAL_TIM_IRQHandler  stm32f4xx_hal_tim.o
    0x0800476c   0x00000002   Code   RO         3449    i.HAL_TIM_OC_DelayElapsedCallback  stm32f4xx_hal_tim.o
    0x0800476e   0x00000002   Code   RO         3476    i.HAL_TIM_PWM_PulseFinishedCallback  stm32f4xx_hal_tim.o
    0x08004770   0x00000124   Code   RO           14    i.HAL_TIM_PeriodElapsedCallback  main.o
    0x08004894   0x00000002   Code   RO         3489    i.HAL_TIM_TriggerCallback  stm32f4xx_hal_tim.o
    0x08004896   0x00000004   Code   RO          843    i.HardFault_Handler  stm32f4xx_it.o
    0x0800489a   0x0000003e   Code   RO          679    i.IntToUnicode      usbd_desc.o
    0x080048d8   0x00000044   Code   RO          286    i.MX_CAN1_Init      can.o
    0x0800491c   0x00000044   Code   RO          287    i.MX_CAN2_Init      can.o
    0x08004960   0x00000020   Code   RO          336    i.MX_CRC_Init       crc.o
    0x08004980   0x000000a0   Code   RO          256    i.MX_GPIO_Init      gpio.o
    0x08004a20   0x00000084   Code   RO          381    i.MX_TIM1_Init      tim.o
    0x08004aa4   0x00000070   Code   RO          382    i.MX_TIM4_Init      tim.o
    0x08004b14   0x0000004c   Code   RO          448    i.MX_USB_DEVICE_Init  usb_device.o
    0x08004b60   0x00000004   Code   RO          844    i.MemManage_Handler  stm32f4xx_it.o
    0x08004b64   0x00000002   Code   RO          845    i.NMI_Handler       stm32f4xx_it.o
    0x08004b66   0x00000002   PAD
    0x08004b68   0x00000010   Code   RO          846    i.OTG_FS_IRQHandler  stm32f4xx_it.o
    0x08004b78   0x00000068   Code   RO         1397    i.PCD_EP_OutSetupPacket_int  stm32f4xx_hal_pcd.o
    0x08004be0   0x000000f0   Code   RO         1398    i.PCD_EP_OutXfrComplete_int  stm32f4xx_hal_pcd.o
    0x08004cd0   0x000000a2   Code   RO         1399    i.PCD_WriteEmptyTxFifo  stm32f4xx_hal_pcd.o
    0x08004d72   0x00000002   PAD
    0x08004d74   0x00000050   Code   RO         1296    i.PID_struct_init   motor_pid.o
    0x08004dc4   0x00000002   Code   RO          847    i.PendSV_Handler    stm32f4xx_it.o
    0x08004dc6   0x00000002   Code   RO          848    i.SVC_Handler       stm32f4xx_it.o
    0x08004dc8   0x00000008   Code   RO          849    i.SysTick_Handler   stm32f4xx_it.o
    0x08004dd0   0x000000b4   Code   RO           15    i.SystemClock_Config  main.o
    0x08004e84   0x00000064   Code   RO          964    i.SystemInit        system_stm32f4xx.o
    0x08004ee8   0x00000010   Code   RO          850    i.TIM4_IRQHandler   stm32f4xx_it.o
    0x08004ef8   0x000000b8   Code   RO         3491    i.TIM_Base_SetConfig  stm32f4xx_hal_tim.o
    0x08004fb0   0x0000001e   Code   RO         3492    i.TIM_CCxChannelCmd  stm32f4xx_hal_tim.o
    0x08004fce   0x00000016   Code   RO         3502    i.TIM_ETR_SetConfig  stm32f4xx_hal_tim.o
    0x08004fe4   0x00000010   Code   RO         3503    i.TIM_ITRx_SetConfig  stm32f4xx_hal_tim.o
    0x08004ff4   0x00000026   Code   RO         3509    i.TIM_TI1_ConfigInputStage  stm32f4xx_hal_tim.o
    0x0800501a   0x00000024   Code   RO         3511    i.TIM_TI2_ConfigInputStage  stm32f4xx_hal_tim.o
    0x0800503e   0x0000004c   Code   RO         4633    i.USBD_CDC_DataIn   usbd_cdc.o
    0x0800508a   0x00000030   Code   RO         4634    i.USBD_CDC_DataOut  usbd_cdc.o
    0x080050ba   0x00000046   Code   RO         4635    i.USBD_CDC_DeInit   usbd_cdc.o
    0x08005100   0x0000002a   Code   RO         4636    i.USBD_CDC_EP0_RxReady  usbd_cdc.o
    0x0800512a   0x00000002   PAD
    0x0800512c   0x0000000c   Code   RO         4637    i.USBD_CDC_GetDeviceQualifierDescriptor  usbd_cdc.o
    0x08005138   0x0000000c   Code   RO         4638    i.USBD_CDC_GetFSCfgDesc  usbd_cdc.o
    0x08005144   0x0000000c   Code   RO         4639    i.USBD_CDC_GetHSCfgDesc  usbd_cdc.o
    0x08005150   0x0000000c   Code   RO         4640    i.USBD_CDC_GetOtherSpeedCfgDesc  usbd_cdc.o
    0x0800515c   0x000000ac   Code   RO         4641    i.USBD_CDC_Init     usbd_cdc.o
    0x08005208   0x00000032   Code   RO         4642    i.USBD_CDC_ReceivePacket  usbd_cdc.o
    0x0800523a   0x00000010   Code   RO         4643    i.USBD_CDC_RegisterInterface  usbd_cdc.o
    0x0800524a   0x0000000c   Code   RO         4644    i.USBD_CDC_SetRxBuffer  usbd_cdc.o
    0x08005256   0x00000010   Code   RO         4645    i.USBD_CDC_SetTxBuffer  usbd_cdc.o
    0x08005266   0x000000e6   Code   RO         4646    i.USBD_CDC_Setup    usbd_cdc.o
    0x0800534c   0x00000038   Code   RO         4647    i.USBD_CDC_TransmitPacket  usbd_cdc.o
    0x08005384   0x0000000e   Code   RO         4340    i.USBD_ClrClassConfig  usbd_core.o
    0x08005392   0x00000026   Code   RO         4478    i.USBD_ClrFeature   usbd_ctlreq.o
    0x080053b8   0x00000010   Code   RO         4573    i.USBD_CtlContinueRx  usbd_ioreq.o
    0x080053c8   0x00000010   Code   RO         4574    i.USBD_CtlContinueSendData  usbd_ioreq.o
    0x080053d8   0x00000018   Code   RO         4479    i.USBD_CtlError     usbd_ctlreq.o
    0x080053f0   0x0000001e   Code   RO         4575    i.USBD_CtlPrepareRx  usbd_ioreq.o
    0x0800540e   0x00000016   Code   RO         4576    i.USBD_CtlReceiveStatus  usbd_ioreq.o
    0x08005424   0x0000001a   Code   RO         4577    i.USBD_CtlSendData  usbd_ioreq.o
    0x0800543e   0x00000016   Code   RO         4578    i.USBD_CtlSendStatus  usbd_ioreq.o
    0x08005454   0x00000034   Code   RO          680    i.USBD_FS_ConfigStrDescriptor  usbd_desc.o
    0x08005488   0x00000010   Code   RO          681    i.USBD_FS_DeviceDescriptor  usbd_desc.o
    0x08005498   0x00000038   Code   RO          682    i.USBD_FS_InterfaceStrDescriptor  usbd_desc.o
    0x080054d0   0x00000010   Code   RO          683    i.USBD_FS_LangIDStrDescriptor  usbd_desc.o
    0x080054e0   0x0000002c   Code   RO          684    i.USBD_FS_ManufacturerStrDescriptor  usbd_desc.o
    0x0800550c   0x00000040   Code   RO          685    i.USBD_FS_ProductStrDescriptor  usbd_desc.o
    0x0800554c   0x00000018   Code   RO          686    i.USBD_FS_SerialStrDescriptor  usbd_desc.o
    0x08005564   0x00000034   Code   RO         4480    i.USBD_GetConfig    usbd_ctlreq.o
    0x08005598   0x00000136   Code   RO         4481    i.USBD_GetDescriptor  usbd_ctlreq.o
    0x080056ce   0x00000018   Code   RO         4482    i.USBD_GetLen       usbd_ctlreq.o
    0x080056e6   0x00000036   Code   RO         4483    i.USBD_GetStatus    usbd_ctlreq.o
    0x0800571c   0x00000044   Code   RO         4484    i.USBD_GetString    usbd_ctlreq.o
    0x08005760   0x0000002c   Code   RO          492    i.USBD_Get_USB_Status  usbd_conf.o
    0x0800578c   0x0000002c   Code   RO         4342    i.USBD_Init         usbd_core.o
    0x080057b8   0x00000026   Code   RO          493    i.USBD_LL_ClearStallEP  usbd_conf.o
    0x080057de   0x00000026   Code   RO          494    i.USBD_LL_CloseEP   usbd_conf.o
    0x08005804   0x000000d6   Code   RO         4343    i.USBD_LL_DataInStage  usbd_core.o
    0x080058da   0x0000008a   Code   RO         4344    i.USBD_LL_DataOutStage  usbd_core.o
    0x08005964   0x00000004   Code   RO         4345    i.USBD_LL_DevConnected  usbd_core.o
    0x08005968   0x00000016   Code   RO         4346    i.USBD_LL_DevDisconnected  usbd_core.o
    0x0800597e   0x00000012   Code   RO          498    i.USBD_LL_GetRxDataSize  usbd_conf.o
    0x08005990   0x00000068   Code   RO          499    i.USBD_LL_Init      usbd_conf.o
    0x080059f8   0x00000038   Code   RO          500    i.USBD_LL_IsStallEP  usbd_conf.o
    0x08005a30   0x00000004   Code   RO         4347    i.USBD_LL_IsoINIncomplete  usbd_core.o
    0x08005a34   0x00000004   Code   RO         4348    i.USBD_LL_IsoOUTIncomplete  usbd_core.o
    0x08005a38   0x00000030   Code   RO          501    i.USBD_LL_OpenEP    usbd_conf.o
    0x08005a68   0x00000030   Code   RO          502    i.USBD_LL_PrepareReceive  usbd_conf.o
    0x08005a98   0x00000052   Code   RO         4349    i.USBD_LL_Reset     usbd_core.o
    0x08005aea   0x0000000c   Code   RO         4350    i.USBD_LL_Resume    usbd_core.o
    0x08005af6   0x00000018   Code   RO         4351    i.USBD_LL_SOF       usbd_core.o
    0x08005b0e   0x00000006   Code   RO         4352    i.USBD_LL_SetSpeed  usbd_core.o
    0x08005b14   0x00000026   Code   RO          503    i.USBD_LL_SetUSBAddress  usbd_conf.o
    0x08005b3a   0x0000005e   Code   RO         4353    i.USBD_LL_SetupStage  usbd_core.o
    0x08005b98   0x00000026   Code   RO          504    i.USBD_LL_StallEP   usbd_conf.o
    0x08005bbe   0x0000001e   Code   RO          505    i.USBD_LL_Start     usbd_conf.o
    0x08005bdc   0x00000012   Code   RO         4354    i.USBD_LL_Suspend   usbd_core.o
    0x08005bee   0x00000030   Code   RO          507    i.USBD_LL_Transmit  usbd_conf.o
    0x08005c1e   0x00000028   Code   RO         4485    i.USBD_ParseSetupRequest  usbd_ctlreq.o
    0x08005c46   0x00000012   Code   RO         4355    i.USBD_RegisterClass  usbd_core.o
    0x08005c58   0x00000004   Code   RO         4356    i.USBD_RunTestMode  usbd_core.o
    0x08005c5c   0x00000058   Code   RO         4486    i.USBD_SetAddress   usbd_ctlreq.o
    0x08005cb4   0x00000018   Code   RO         4357    i.USBD_SetClassConfig  usbd_core.o
    0x08005ccc   0x000000cc   Code   RO         4487    i.USBD_SetConfig    usbd_ctlreq.o
    0x08005d98   0x00000010   Code   RO         4488    i.USBD_SetFeature   usbd_ctlreq.o
    0x08005da8   0x0000000a   Code   RO         4358    i.USBD_Start        usbd_core.o
    0x08005db2   0x00000080   Code   RO         4489    i.USBD_StdDevReq    usbd_ctlreq.o
    0x08005e32   0x000001f0   Code   RO         4490    i.USBD_StdEPReq     usbd_ctlreq.o
    0x08006022   0x00000066   Code   RO         4491    i.USBD_StdItfReq    usbd_ctlreq.o
    0x08006088   0x0000009c   Code   RO         1633    i.USB_ActivateEndpoint  stm32f4xx_ll_usb.o
    0x08006124   0x00000034   Code   RO         1635    i.USB_ActivateSetup  stm32f4xx_ll_usb.o
    0x08006158   0x0000007e   Code   RO         1637    i.USB_CoreInit      stm32f4xx_ll_usb.o
    0x080061d6   0x00000002   PAD
    0x080061d8   0x0000003c   Code   RO         1638    i.USB_CoreReset     stm32f4xx_ll_usb.o
    0x08006214   0x00000090   Code   RO         1641    i.USB_DeactivateEndpoint  stm32f4xx_ll_usb.o
    0x080062a4   0x00000018   Code   RO         1642    i.USB_DevConnect    stm32f4xx_ll_usb.o
    0x080062bc   0x00000018   Code   RO         1643    i.USB_DevDisconnect  stm32f4xx_ll_usb.o
    0x080062d4   0x0000018c   Code   RO         1644    i.USB_DevInit       stm32f4xx_ll_usb.o
    0x08006460   0x0000000c   Code   RO         1645    i.USB_DisableGlobalInt  stm32f4xx_ll_usb.o
    0x0800646c   0x0000012a   Code   RO         1648    i.USB_EP0StartXfer  stm32f4xx_ll_usb.o
    0x08006596   0x00000002   PAD
    0x08006598   0x00000060   Code   RO         1649    i.USB_EP0_OutStart  stm32f4xx_ll_usb.o
    0x080065f8   0x00000058   Code   RO         1650    i.USB_EPClearStall  stm32f4xx_ll_usb.o
    0x08006650   0x0000005e   Code   RO         1651    i.USB_EPSetStall    stm32f4xx_ll_usb.o
    0x080066ae   0x00000228   Code   RO         1652    i.USB_EPStartXfer   stm32f4xx_ll_usb.o
    0x080068d6   0x0000000c   Code   RO         1653    i.USB_EnableGlobalInt  stm32f4xx_ll_usb.o
    0x080068e2   0x00000002   PAD
    0x080068e4   0x00000024   Code   RO         1654    i.USB_FlushRxFifo   stm32f4xx_ll_usb.o
    0x08006908   0x00000028   Code   RO         1655    i.USB_FlushTxFifo   stm32f4xx_ll_usb.o
    0x08006930   0x00000020   Code   RO         1657    i.USB_GetDevSpeed   stm32f4xx_ll_usb.o
    0x08006950   0x00000008   Code   RO         1659    i.USB_GetMode       stm32f4xx_ll_usb.o
    0x08006958   0x0000000e   Code   RO         1666    i.USB_ReadDevAllInEpInterrupt  stm32f4xx_ll_usb.o
    0x08006966   0x0000000e   Code   RO         1667    i.USB_ReadDevAllOutEpInterrupt  stm32f4xx_ll_usb.o
    0x08006974   0x00000024   Code   RO         1668    i.USB_ReadDevInEPInterrupt  stm32f4xx_ll_usb.o
    0x08006998   0x00000010   Code   RO         1669    i.USB_ReadDevOutEPInterrupt  stm32f4xx_ll_usb.o
    0x080069a8   0x00000008   Code   RO         1670    i.USB_ReadInterrupts  stm32f4xx_ll_usb.o
    0x080069b0   0x00000024   Code   RO         1671    i.USB_ReadPacket    stm32f4xx_ll_usb.o
    0x080069d4   0x00000030   Code   RO         1673    i.USB_SetCurrentMode  stm32f4xx_ll_usb.o
    0x08006a04   0x00000022   Code   RO         1674    i.USB_SetDevAddress  stm32f4xx_ll_usb.o
    0x08006a26   0x0000000e   Code   RO         1675    i.USB_SetDevSpeed   stm32f4xx_ll_usb.o
    0x08006a34   0x000000f4   Code   RO         1676    i.USB_SetTurnaroundTime  stm32f4xx_ll_usb.o
    0x08006b28   0x00000030   Code   RO         1679    i.USB_WritePacket   stm32f4xx_ll_usb.o
    0x08006b58   0x00000004   Code   RO          851    i.UsageFault_Handler  stm32f4xx_it.o
    0x08006b5c   0x00000030   Code   RO         5152    i.__ARM_fpclassify  m_wm.l(fpclassify.o)
    0x08006b8c   0x0000000e   Code   RO         4924    i._is_digit         c_w.l(__printf_wp.o)
    0x08006b9a   0x0000002e   Code   RO         1297    i.abs_limit         motor_pid.o
    0x08006bc8   0x0000005c   Code   RO         1000    i.can_filter_init   bsp_can.o
    0x08006c24   0x00000044   Code   RO           16    i.getAngle          main.o
    0x08006c68   0x00000058   Code   RO           17    i.getRadian         main.o
    0x08006cc0   0x00000010   Code   RO          383    i.getTimEncoder     tim.o
    0x08006cd0   0x00000062   Code   RO         1102    i.get_total_angle   can_receive.o
    0x08006d32   0x00000002   PAD
    0x08006d34   0x000003dc   Code   RO           18    i.main              main.o
    0x08007110   0x00000214   Code   RO         1298    i.pid_calc          motor_pid.o
    0x08007324   0x00000028   Code   RO         1299    i.pid_param_init    motor_pid.o
    0x0800734c   0x0000000e   Code   RO         1300    i.pid_reset         motor_pid.o
    0x0800735a   0x00000002   PAD
    0x0800735c   0x00000038   Code   RO          774    i.usb_printf        usbd_cdc_if.o
    0x08007394   0x0000002c   Code   RO         5128    locale$$code        c_w.l(lc_numeric_c.o)
    0x080073c0   0x0000002c   Code   RO         5163    locale$$code        c_w.l(lc_ctype_c.o)
    0x080073ec   0x00000062   Code   RO         4816    x$fpl$d2f           fz_wm.l(d2f.o)
    0x0800744e   0x00000002   PAD
    0x08007450   0x000002b0   Code   RO         4819    x$fpl$ddiv          fz_wm.l(ddiv.o)
    0x08007700   0x00000154   Code   RO         4822    x$fpl$dmul          fz_wm.l(dmul.o)
    0x08007854   0x0000009c   Code   RO         5006    x$fpl$dnaninf       fz_wm.l(dnaninf.o)
    0x080078f0   0x0000000c   Code   RO         5008    x$fpl$dretinf       fz_wm.l(dretinf.o)
    0x080078fc   0x00000056   Code   RO         4826    x$fpl$f2d           fz_wm.l(f2d.o)
    0x08007952   0x0000008c   Code   RO         5010    x$fpl$fnaninf       fz_wm.l(fnaninf.o)
    0x080079de   0x0000000a   Code   RO         5082    x$fpl$fpinit        fz_wm.l(fpinit.o)
    0x080079e8   0x0000000a   Code   RO         5012    x$fpl$fretinf       fz_wm.l(fretinf.o)
    0x080079f2   0x00000004   Code   RO         5014    x$fpl$printf1       fz_wm.l(printf1.o)
    0x080079f6   0x00000004   Code   RO         5016    x$fpl$printf2       fz_wm.l(printf2.o)
    0x080079fa   0x00000000   Code   RO         5022    x$fpl$usenofp       fz_wm.l(usenofp.o)
    0x080079fa   0x00000018   Data   RO          965    .constdata          system_stm32f4xx.o
    0x08007a12   0x00000002   PAD
    0x08007a14   0x00000060   Data   RO         1248    .constdata          debug.o
    0x08007a74   0x00000008   Data   RO         4883    .constdata          c_w.l(_printf_wctomb.o)
    0x08007a7c   0x00000028   Data   RO         4912    .constdata          c_w.l(_printf_hex_int_ll_ptr.o)
    0x08007aa4   0x00000011   Data   RO         4932    .constdata          c_w.l(__printf_flags_ss_wp.o)
    0x08007ab5   0x00000026   Data   RO         5060    .constdata          c_w.l(_printf_fp_hex.o)
    0x08007adb   0x00000001   PAD
    0x08007adc   0x00000094   Data   RO         5103    .constdata          c_w.l(bigflt0.o)
    0x08007b70   0x00000020   Data   RO         5216    Region$$Table       anon$$obj.o
    0x08007b90   0x0000001c   Data   RO         5127    locale$$data        c_w.l(lc_numeric_c.o)
    0x08007bac   0x00000110   Data   RO         5162    locale$$data        c_w.l(lc_ctype_c.o)


    Execution Region RW_IRAM1 (Base: 0x20000000, Size: 0x00005e50, Max: 0x00020000, ABSOLUTE, COMPRESSED[0x000000cc])

    Base Addr    Size         Type   Attr      Idx    E Section Name        Object

    0x20000000   0x0000001c   Data   RW           20    .data               main.o
    0x2000001c   0x00000004   Data   RW          289    .data               can.o
    0x20000020   0x00000008   Data   RW          337    .data               crc.o
    0x20000028   0x0000004e   Data   RW          688    .data               usbd_desc.o
    0x20000076   0x00000002   PAD
    0x20000078   0x00000028   Data   RW          776    .data               usbd_cdc_if.o
    0x200000a0   0x00000004   Data   RW          966    .data               system_stm32f4xx.o
    0x200000a4   0x00000011   Data   RW         1106    .data               can_receive.o
    0x200000b5   0x00000001   Data   RW         1249    .data               debug.o
    0x200000b6   0x00000002   PAD
    0x200000b8   0x0000000c   Data   RW         2879    .data               stm32f4xx_hal.o
    0x200000c4   0x00000001   Data   RW         4492    .data               usbd_ctlreq.o
    0x200000c5   0x00000003   PAD
    0x200000c8   0x000000d7   Data   RW         4648    .data               usbd_cdc.o
    0x2000019f   0x00000001   PAD
    0x200001a0   0x00000038   Data   RW         4649    .data               usbd_cdc.o
    0x200001d8   0x00000050   Zero   RW          288    .bss                can.o
    0x20000228   0x00000080   Zero   RW          384    .bss                tim.o
    0x200002a8   0x0000029c   Zero   RW          449    .bss                usb_device.o
    0x20000544   0x00000408   Zero   RW          508    .bss                usbd_conf.o
    0x2000094c   0x00000200   Zero   RW          687    .bss                usbd_desc.o
    0x20000b4c   0x00001100   Zero   RW          775    .bss                usbd_cdc_if.o
    0x20001c4c   0x000000a0   Zero   RW         1105    .bss                can_receive.o
    0x20001cec   0x00000104   Zero   RW         1247    .bss                debug.o
    0x20001df0   0x00000060   Zero   RW         5026    .bss                c_w.l(libspace.o)
    0x20001e50   0x00002000   Zero   RW            2    HEAP                startup_stm32f407xx.o
    0x20003e50   0x00002000   Zero   RW            1    STACK               startup_stm32f407xx.o


==============================================================================

Image component sizes


      Code (inc. data)   RO Data    RW Data    ZI Data      Debug   Object Name

        92          8          0          0          0     570842   bsp_can.o
       488         44          0          4         80       2442   can.o
       386         28          0         17        160     574321   can_receive.o
        84         18          0          8          0       1507   crc.o
       380         26         96          1        260       3333   debug.o
       160          4          0          0          0        931   gpio.o
      1618        466          0         28          0     711927   main.o
       712         18          0          0          0       5202   motor_pid.o
        64         26        392          0      16384        860   startup_stm32f407xx.o
       188         30          0         12          0       4657   stm32f4xx_hal.o
      2004          6          0          0          0      14943   stm32f4xx_hal_can.o
       208         16          0          0          0      33739   stm32f4xx_hal_cortex.o
        40          0          0          0          0       1079   stm32f4xx_hal_crc.o
       512         22          0          0          0       1892   stm32f4xx_hal_gpio.o
        72          4          0          0          0        858   stm32f4xx_hal_msp.o
      2534         18          0          0          0      13557   stm32f4xx_hal_pcd.o
        84          0          0          0          0       2561   stm32f4xx_hal_pcd_ex.o
      1574         80          0          0          0       5278   stm32f4xx_hal_rcc.o
      1280         22          0          0          0      12190   stm32f4xx_hal_tim.o
        82          0          0          0          0       2529   stm32f4xx_hal_tim_ex.o
        96         24          0          0          0       6264   stm32f4xx_it.o
      2762        110          0          0          0      23774   stm32f4xx_ll_usb.o
       100         18         24          4          0       1199   system_stm32f4xx.o
       468         48          0          0        128       3585   tim.o
        76         16          0          0        668        776   usb_device.o
       836         16          0        271          0      13826   usbd_cdc.o
       508         68          0         40       4352       6072   usbd_cdc_if.o
       990         18          0          0       1032      15620   usbd_conf.o
       736          0          0          0          0      12993   usbd_core.o
      1644         30          0          1          0      11816   usbd_ctlreq.o
       386        122          0         78        512       6645   usbd_desc.o
       132          0          0          0          0       4624   usbd_ioreq.o

    ----------------------------------------------------------------------
     21326       1306        546        472      23576    2071842   Object Totals
         0          0         32          0          0          0   (incl. Generated)
        30          0          2          8          0          0   (incl. Padding)

    ----------------------------------------------------------------------

      Code (inc. data)   RO Data    RW Data    ZI Data      Debug   Library Member Name

        90          0          0          0          0          0   __dczerorl2.o
         8          0          0          0          0         68   __main.o
       392          4         17          0          0         92   __printf_flags_ss_wp.o
        14          0          0          0          0         68   __printf_wp.o
         0          0          0          0          0          0   __rtentry.o
        12          0          0          0          0          0   __rtentry2.o
         6          0          0          0          0          0   __rtentry4.o
        52          8          0          0          0          0   __scatter.o
        28          0          0          0          0          0   __scatter_zi.o
         6          0          0          0          0          0   _printf_a.o
         6          0          0          0          0          0   _printf_c.o
        44          0          0          0          0        108   _printf_char.o
        48          6          0          0          0         96   _printf_char_common.o
        40          0          0          0          0         68   _printf_charcount.o
         6          0          0          0          0          0   _printf_d.o
       120         16          0          0          0         92   _printf_dec.o
         6          0          0          0          0          0   _printf_e.o
         6          0          0          0          0          0   _printf_f.o
      1050          0          0          0          0        216   _printf_fp_dec.o
       764         10         38          0          0        100   _printf_fp_hex.o
       128         16          0          0          0         84   _printf_fp_infnan.o
         6          0          0          0          0          0   _printf_g.o
       148          4         40          0          0        160   _printf_hex_int_ll_ptr.o
         6          0          0          0          0          0   _printf_i.o
       178          0          0          0          0         88   _printf_intcommon.o
        10          0          0          0          0          0   _printf_l.o
         6          0          0          0          0          0   _printf_lc.o
        10          0          0          0          0          0   _printf_ll.o
         6          0          0          0          0          0   _printf_lld.o
         6          0          0          0          0          0   _printf_lli.o
         6          0          0          0          0          0   _printf_llo.o
         6          0          0          0          0          0   _printf_llu.o
         6          0          0          0          0          0   _printf_llx.o
       124         16          0          0          0         92   _printf_longlong_dec.o
         6          0          0          0          0          0   _printf_ls.o
         6          0          0          0          0          0   _printf_n.o
         6          0          0          0          0          0   _printf_o.o
       112          8          0          0          0        124   _printf_oct_int_ll.o
         6          0          0          0          0          0   _printf_p.o
        78          0          0          0          0        108   _printf_pad.o
         0          0          0          0          0          0   _printf_percent.o
         4          0          0          0          0          0   _printf_percent_end.o
         6          0          0          0          0          0   _printf_s.o
        82          0          0          0          0         80   _printf_str.o
        36          0          0          0          0         84   _printf_truncate.o
         6          0          0          0          0          0   _printf_u.o
        44          0          0          0          0        108   _printf_wchar.o
       188          6          8          0          0         92   _printf_wctomb.o
         6          0          0          0          0          0   _printf_x.o
        10          0          0          0          0         68   _sputc.o
        64          0          0          0          0         92   _wcrtomb.o
       220          4        148          0          0         96   bigflt0.o
      1910        128          0          0          0        672   btod.o
        10          0          0          0          0         68   defsig_exit.o
        50          0          0          0          0         88   defsig_general.o
        80         58          0          0          0         76   defsig_rtmem_inner.o
        14          0          0          0          0         80   defsig_rtmem_outer.o
        12          0          0          0          0         72   exit.o
        94          0          0          0          0         80   h1_alloc.o
        52          0          0          0          0         68   h1_extend.o
        78          0          0          0          0         80   h1_free.o
        14          0          0          0          0         84   h1_init.o
         6          0          0          0          0        152   heapauxi.o
         4          0          0          0          0        136   hguard.o
         0          0          0          0          0          0   indicate_semi.o
       138          0          0          0          0        168   init_alloc.o
        44         10        272          0          0         76   lc_ctype_c.o
        44         10         28          0          0         76   lc_numeric_c.o
         2          0          0          0          0          0   libinit.o
        42          0          0          0          0          0   libinit2.o
         2          0          0          0          0          0   libshutdown.o
         2          0          0          0          0          0   libshutdown2.o
         8          4          0          0         96         68   libspace.o
       138          0          0          0          0         80   lludiv10.o
       238          0          0          0          0        100   lludivv7m.o
         0          0          0          0          0          0   maybetermalloc1.o
        16          4          0          0          0         76   rt_ctype_table.o
         8          4          0          0          0         68   rt_heap_descriptor_intlibspace.o
         8          4          0          0          0         68   rt_locale_intlibspace.o
        78          0          0          0          0         80   rt_memclr_w.o
       138          0          0          0          0         68   rt_memcpy_v6.o
       100          0          0          0          0         80   rt_memcpy_w.o
         2          0          0          0          0          0   rtexit.o
        10          0          0          0          0          0   rtexit2.o
       128          0          0          0          0         68   strcmpv7m.o
        62          0          0          0          0         76   strlen.o
        12          4          0          0          0         68   sys_exit.o
        74          0          0          0          0         80   sys_stackheap_outer.o
        14          0          0          0          0         76   sys_wrch.o
         2          0          0          0          0         68   use_no_semi.o
        36          4          0          0          0         76   vsprintf.o
        98          4          0          0          0        140   d2f.o
       688        140          0          0          0        256   ddiv.o
       340         12          0          0          0        152   dmul.o
       156          4          0          0          0        140   dnaninf.o
        12          0          0          0          0        116   dretinf.o
        86          4          0          0          0        132   f2d.o
       140          4          0          0          0        132   fnaninf.o
        10          0          0          0          0        116   fpinit.o
        10          0          0          0          0        116   fretinf.o
         4          0          0          0          0        116   printf1.o
         4          0          0          0          0        116   printf2.o
         0          0          0          0          0          0   usenofp.o
        48          0          0          0          0        124   fpclassify.o

    ----------------------------------------------------------------------
      9508        496        552          0         96       7016   Library Totals
        18          0          1          0          0          0   (incl. Padding)

    ----------------------------------------------------------------------

      Code (inc. data)   RO Data    RW Data    ZI Data      Debug   Library Name

      7894        328        551          0         96       5360   c_w.l
      1548        168          0          0          0       1532   fz_wm.l
        48          0          0          0          0        124   m_wm.l

    ----------------------------------------------------------------------
      9508        496        552          0         96       7016   Library Totals

    ----------------------------------------------------------------------

==============================================================================


      Code (inc. data)   RO Data    RW Data    ZI Data      Debug   

     30834       1802       1098        472      23672    2052142   Grand Totals
     30834       1802       1098        204      23672    2052142   ELF Image Totals (compressed)
     30834       1802       1098        204          0          0   ROM Totals

==============================================================================

    Total RO  Size (Code + RO Data)                31932 (  31.18kB)
    Total RW  Size (RW Data + ZI Data)             24144 (  23.58kB)
    Total ROM Size (Code + RO Data + RW Data)      32136 (  31.38kB)

==============================================================================

