<html>
<body>
<pre>
<h1>礦ision Build Log</h1>
<h2>Tool Versions:</h2>
IDE-Version: μVision V5.14.0.0
Copyright (C) 2015 ARM Ltd and ARM Germany GmbH. All rights reserved.
License Information: nqq 2B-ROG, 1, LIC=FYKYW-Q75UD-IIT5V-PSLHZ-29WM6-G9GQF
 
Tool Versions:
Toolchain:       MDK-ARM Standard  Version: 5.14.0.0
Toolchain Path:  C:\Keil_v5\ARM\ARMCC\Bin
C Compiler:      Armcc.exe V5.05 update 1 (build 106)
Assembler:       Armasm.exe V5.05 update 1 (build 106)
Linker/Locator:  ArmLink.exe V5.05 update 1 (build 106)
Library Manager: ArmAr.exe V5.05 update 1 (build 106)
Hex Converter:   FromElf.exe V5.05 update 1 (build 106)
CPU DLL:         SARMCM3.DLL V5.14.0.0
Dialog DLL:      DCM.DLL V1.13.1.0
Target DLL:      CMSIS_AGDI.dll V1.21.0.0
Dialog DLL:      TCM.DLL V1.14.4.0
 
<h2>Project:</h2>
C:\Users\2B-ROG\OneDrive\Desktop\SmartCane_V2\3508-full-4.10\MDK-ARM\can.uvprojx
Project File Date:  05/31/2024

<h2>Output:</h2>
Build target 'can'
compiling main.c...
../Src/main.c(168): warning:  #175-D: subscript out of range
    Debug_RegisterVar(&pid_position[2].p, "varepsilon_kp", DVar_Float);
../Src/main.c(169): warning:  #175-D: subscript out of range
    Debug_RegisterVar(&pid_position[2].i, "varepsilon_ki", DVar_Float);
../Src/main.c(170): warning:  #175-D: subscript out of range
    Debug_RegisterVar(&pid_position[2].d, "varepsilon_kd", DVar_Float);
../Src/main.c(225): warning:  #175-D: subscript out of range
        set_speed_temp = pid_position[2].pos_out;
../Src/main.c(87): warning:  #177-D: variable "delta" was declared but never referenced
    int16_t delta;                  // 设定速度与实际速度的差值
../Src/main.c(88): warning:  #177-D: variable "max_speed_change" was declared but never referenced
    int16_t max_speed_change = 500; // 电机单次最大变化速度，加减速用
../Src/main.c(304): warning:  #1035-D: single-precision operand implicitly converted to double-precision
    return getAngle() * 3.1415926 / 180;
../Src/main.c(310): warning:  #177-D: variable "varepsilon_data" was declared but never referenced
    static float varepsilon_data[4] = {0, 0, 0, 0};
../Src/main.c: 8 warnings, 0 errors
linking...
Program Size: Code=30654 RO-data=1098 RW-data=464 ZI-data=23672  
"can\can.axf" - 0 Error(s), 8 Warning(s).

<h2>Software Packages used:</h2>

Package Vendor: ARM
                http://www.keil.com/pack/ARM.CMSIS.4.2.0.pack
                ARM::CMSIS:CORE:3.40.0
                CMSIS (Cortex Microcontroller Software Interface Standard)
   * Component: CORE Version: 3.40.0

<h2>Collection of Component include folders:</h2>
  C:\Users\2B-ROG\OneDrive\Desktop\SmartCane_V2\3508-full-4.10\MDK-ARM\RTE
  C:\Keil_v5\ARM\PACK\ARM\CMSIS\4.2.0\CMSIS\Include
  C:\Keil_v5\ARM\PACK\Keil\STM32F4xx_DFP\2.17.1

<h2>Collection of Component Files used:</h2>

   * Component: ARM::CMSIS:CORE:3.40.0
      Source file:   CMSIS\UserCodeTemplates\ARM\ITM_Retarget.c
</pre>
</body>
</html>
